Component: ARM Compiler 5.06 update 6 (build 750) Tool: armlink [4d35ed]

==============================================================================

Section Cross References

    startup_stm32f103xb.o(STACK) refers (Special) to heapauxi.o(.text) for __use_two_region_memory
    startup_stm32f103xb.o(HEAP) refers (Special) to heapauxi.o(.text) for __use_two_region_memory
    startup_stm32f103xb.o(RESET) refers (Special) to heapauxi.o(.text) for __use_two_region_memory
    startup_stm32f103xb.o(RESET) refers to startup_stm32f103xb.o(STACK) for __initial_sp
    startup_stm32f103xb.o(RESET) refers to startup_stm32f103xb.o(.text) for Reset_Handler
    startup_stm32f103xb.o(RESET) refers to stm32f1xx_it.o(i.NMI_Handler) for NMI_Handler
    startup_stm32f103xb.o(RESET) refers to stm32f1xx_it.o(i.HardFault_Handler) for HardFault_Handler
    startup_stm32f103xb.o(RESET) refers to stm32f1xx_it.o(i.MemManage_Handler) for MemManage_Handler
    startup_stm32f103xb.o(RESET) refers to stm32f1xx_it.o(i.BusFault_Handler) for BusFault_Handler
    startup_stm32f103xb.o(RESET) refers to stm32f1xx_it.o(i.UsageFault_Handler) for UsageFault_Handler
    startup_stm32f103xb.o(RESET) refers to stm32f1xx_it.o(i.SVC_Handler) for SVC_Handler
    startup_stm32f103xb.o(RESET) refers to stm32f1xx_it.o(i.DebugMon_Handler) for DebugMon_Handler
    startup_stm32f103xb.o(RESET) refers to stm32f1xx_it.o(i.PendSV_Handler) for PendSV_Handler
    startup_stm32f103xb.o(RESET) refers to stm32f1xx_it.o(i.SysTick_Handler) for SysTick_Handler
    startup_stm32f103xb.o(.text) refers (Special) to heapauxi.o(.text) for __use_two_region_memory
    startup_stm32f103xb.o(.text) refers to system_stm32f1xx.o(i.SystemInit) for SystemInit
    startup_stm32f103xb.o(.text) refers to __main.o(!!!main) for __main
    startup_stm32f103xb.o(.text) refers to startup_stm32f103xb.o(HEAP) for Heap_Mem
    startup_stm32f103xb.o(.text) refers to startup_stm32f103xb.o(STACK) for Stack_Mem
    main.o(i.main) refers to stm32f1xx_hal.o(i.HAL_Init) for HAL_Init
    main.o(i.main) refers to app_processor.o(i.app_processor_init) for app_processor_init
    main.o(i.main) refers to srv_display.o(i.srv_display) for srv_display
    main.o(i.main) refers to app_processor.o(i.app_processor_operates) for app_processor_operates
    stm32f1xx_it.o(i.SysTick_Handler) refers to stm32f1xx_hal.o(i.HAL_IncTick) for HAL_IncTick
    stm32f1xx_hal_msp.o(i.HAL_SPI_MspDeInit) refers to stm32f1xx_hal_gpio.o(i.HAL_GPIO_DeInit) for HAL_GPIO_DeInit
    stm32f1xx_hal_msp.o(i.HAL_SPI_MspInit) refers to stm32f1xx_hal_gpio.o(i.HAL_GPIO_Init) for HAL_GPIO_Init
    stm32f1xx_hal_spi.o(i.HAL_SPI_Abort) refers to stm32f1xx_hal_dma.o(i.HAL_DMA_Abort) for HAL_DMA_Abort
    stm32f1xx_hal_spi.o(i.HAL_SPI_Abort) refers to system_stm32f1xx.o(.data) for SystemCoreClock
    stm32f1xx_hal_spi.o(i.HAL_SPI_Abort) refers to stm32f1xx_hal_spi.o(i.SPI_AbortTx_ISR) for SPI_AbortTx_ISR
    stm32f1xx_hal_spi.o(i.HAL_SPI_Abort) refers to stm32f1xx_hal_spi.o(i.SPI_AbortRx_ISR) for SPI_AbortRx_ISR
    stm32f1xx_hal_spi.o(i.HAL_SPI_Abort_IT) refers to stm32f1xx_hal_dma.o(i.HAL_DMA_Abort_IT) for HAL_DMA_Abort_IT
    stm32f1xx_hal_spi.o(i.HAL_SPI_Abort_IT) refers to stm32f1xx_hal_spi.o(i.HAL_SPI_AbortCpltCallback) for HAL_SPI_AbortCpltCallback
    stm32f1xx_hal_spi.o(i.HAL_SPI_Abort_IT) refers to system_stm32f1xx.o(.data) for SystemCoreClock
    stm32f1xx_hal_spi.o(i.HAL_SPI_Abort_IT) refers to stm32f1xx_hal_spi.o(i.SPI_AbortTx_ISR) for SPI_AbortTx_ISR
    stm32f1xx_hal_spi.o(i.HAL_SPI_Abort_IT) refers to stm32f1xx_hal_spi.o(i.SPI_AbortRx_ISR) for SPI_AbortRx_ISR
    stm32f1xx_hal_spi.o(i.HAL_SPI_Abort_IT) refers to stm32f1xx_hal_spi.o(i.SPI_DMATxAbortCallback) for SPI_DMATxAbortCallback
    stm32f1xx_hal_spi.o(i.HAL_SPI_Abort_IT) refers to stm32f1xx_hal_spi.o(i.SPI_DMARxAbortCallback) for SPI_DMARxAbortCallback
    stm32f1xx_hal_spi.o(i.HAL_SPI_DMAStop) refers to stm32f1xx_hal_dma.o(i.HAL_DMA_Abort) for HAL_DMA_Abort
    stm32f1xx_hal_spi.o(i.HAL_SPI_DeInit) refers to stm32f1xx_hal_msp.o(i.HAL_SPI_MspDeInit) for HAL_SPI_MspDeInit
    stm32f1xx_hal_spi.o(i.HAL_SPI_IRQHandler) refers to stm32f1xx_hal_dma.o(i.HAL_DMA_Abort_IT) for HAL_DMA_Abort_IT
    stm32f1xx_hal_spi.o(i.HAL_SPI_IRQHandler) refers to stm32f1xx_hal_spi.o(i.HAL_SPI_ErrorCallback) for HAL_SPI_ErrorCallback
    stm32f1xx_hal_spi.o(i.HAL_SPI_IRQHandler) refers to stm32f1xx_hal_spi.o(i.SPI_DMAAbortOnError) for SPI_DMAAbortOnError
    stm32f1xx_hal_spi.o(i.HAL_SPI_Init) refers to stm32f1xx_hal_msp.o(i.HAL_SPI_MspInit) for HAL_SPI_MspInit
    stm32f1xx_hal_spi.o(i.HAL_SPI_Receive) refers to stm32f1xx_hal.o(i.HAL_GetTick) for HAL_GetTick
    stm32f1xx_hal_spi.o(i.HAL_SPI_Receive) refers to stm32f1xx_hal_spi.o(i.HAL_SPI_TransmitReceive) for HAL_SPI_TransmitReceive
    stm32f1xx_hal_spi.o(i.HAL_SPI_Receive) refers to stm32f1xx_hal_spi.o(i.SPI_EndRxTransaction) for SPI_EndRxTransaction
[...]
    Removing stm32f1xx_hal_tim_ex.o(i.HAL_TIMEx_PWMN_Start), (152 bytes).
    Removing stm32f1xx_hal_tim_ex.o(i.HAL_TIMEx_PWMN_Start_DMA), (352 bytes).
    Removing stm32f1xx_hal_tim_ex.o(i.HAL_TIMEx_PWMN_Start_IT), (192 bytes).
    Removing stm32f1xx_hal_tim_ex.o(i.HAL_TIMEx_PWMN_Stop), (104 bytes).
    Removing stm32f1xx_hal_tim_ex.o(i.HAL_TIMEx_PWMN_Stop_DMA), (168 bytes).
    Removing stm32f1xx_hal_tim_ex.o(i.HAL_TIMEx_PWMN_Stop_IT), (170 bytes).
    Removing stm32f1xx_hal_tim_ex.o(i.HAL_TIMEx_RemapConfig), (4 bytes).
    Removing stm32f1xx_hal_tim_ex.o(i.TIMEx_DMACommutationCplt), (16 bytes).
    Removing stm32f1xx_hal_tim_ex.o(i.TIMEx_DMACommutationHalfCplt), (16 bytes).
    Removing stm32f1xx_hal_tim_ex.o(i.TIM_CCxNChannelCmd), (26 bytes).
    Removing stm32f1xx_hal_tim_ex.o(i.TIM_DMADelayPulseNCplt), (74 bytes).
    Removing stm32f1xx_hal_tim_ex.o(i.TIM_DMAErrorCCxN), (62 bytes).
    Removing system_stm32f1xx.o(.rev16_text), (4 bytes).
    Removing system_stm32f1xx.o(.revsh_text), (4 bytes).
    Removing system_stm32f1xx.o(.rrx_text), (6 bytes).
    Removing system_stm32f1xx.o(i.SystemCoreClockUpdate), (104 bytes).
    Removing system_stm32f1xx.o(.constdata), (8 bytes).
    Removing app_processor.o(.rev16_text), (4 bytes).
    Removing app_processor.o(.revsh_text), (4 bytes).
    Removing app_processor.o(.rrx_text), (6 bytes).
    Removing bsp_led.o(.rev16_text), (4 bytes).
    Removing bsp_led.o(.revsh_text), (4 bytes).
    Removing bsp_led.o(.rrx_text), (6 bytes).
    Removing bsp_led.o(i.bsp_led_toggle), (32 bytes).
    Removing bsp_srf05.o(.rev16_text), (4 bytes).
    Removing bsp_srf05.o(.revsh_text), (4 bytes).
    Removing bsp_srf05.o(.rrx_text), (6 bytes).
    Removing bsp_srf05.o(i.bsp_srf05_trigger), (36 bytes).
    Removing bsp_st7735.o(.rev16_text), (4 bytes).
    Removing bsp_st7735.o(.revsh_text), (4 bytes).
    Removing bsp_st7735.o(.rrx_text), (6 bytes).
    Removing bsp_st7735.o(i.bsp_st7735_draw_char), (80 bytes).
    Removing bsp_st7735.o(i.bsp_st7735_draw_circle), (44 bytes).
    Removing bsp_st7735.o(i.bsp_st7735_draw_password_mask), (48 bytes).
    Removing bsp_st7735.o(i.bsp_st7735_draw_rhombus), (44 bytes).
    Removing bsp_st7735.o(i.bsp_st7735_draw_string), (80 bytes).
    Removing bsp_st7735.o(i.bsp_st7735_fill_rhombus), (44 bytes).
    Removing bsp_st7735.o(i.bsp_st7735_full_screen), (40 bytes).
    Removing bsp_st7735.o(i.bsp_st7735_set_pos), (44 bytes).
    Removing bsp_st7735.o(i.bsp_st7735_write_cmd), (40 bytes).
    Removing bsp_st7735.o(i.bsp_st7735_write_data), (40 bytes).
    Removing bsp_system_clock.o(.rev16_text), (4 bytes).
    Removing bsp_system_clock.o(.revsh_text), (4 bytes).
    Removing bsp_system_clock.o(.rrx_text), (6 bytes).
    Removing bsp_system_clock.o(i.bsp_error_handler), (4 bytes).
    Removing driver_led.o(.rev16_text), (4 bytes).
    Removing driver_led.o(.revsh_text), (4 bytes).
    Removing driver_led.o(.rrx_text), (6 bytes).
    Removing driver_led.o(i.led_toggle), (24 bytes).
    Removing driver_srf05.o(.rev16_text), (4 bytes).
    Removing driver_srf05.o(.revsh_text), (4 bytes).
    Removing driver_srf05.o(.rrx_text), (6 bytes).
    Removing driver_st7735.o(.rev16_text), (4 bytes).
    Removing driver_st7735.o(.revsh_text), (4 bytes).
    Removing driver_st7735.o(.rrx_text), (6 bytes).
    Removing driver_st7735.o(i.st7735_draw_circle), (184 bytes).
    Removing driver_st7735.o(i.st7735_draw_password_mask), (132 bytes).
    Removing driver_st7735.o(i.st7735_draw_rhombus), (164 bytes).
    Removing driver_st7735.o(i.st7735_fill_rhombus), (140 bytes).
    Removing driver_st7735.o(i.st7735_full_screen), (92 bytes).
    Removing driver_st7735.o(.constdata), (1 bytes).
    Removing driver_st7735.o(.constdata), (1 bytes).
    Removing srv_display.o(.rev16_text), (4 bytes).
    Removing srv_display.o(.revsh_text), (4 bytes).
    Removing srv_display.o(.rrx_text), (6 bytes).

429 unused section(s) (total 27996 bytes) removed from the image.

==============================================================================

Image Symbol Table

    Local Symbols

    Symbol Name                              Value     Ov Type        Size  Object(Section)

    ../Core/Src/main.c                       0x00000000   Number         0  main.o ABSOLUTE
    ../Core/Src/stm32f1xx_hal_msp.c          0x00000000   Number         0  stm32f1xx_hal_msp.o ABSOLUTE
    ../Core/Src/stm32f1xx_it.c               0x00000000   Number         0  stm32f1xx_it.o ABSOLUTE
    ../Core/Src/system_stm32f1xx.c           0x00000000   Number         0  system_stm32f1xx.o ABSOLUTE
    ../Drivers/STM32F1xx_HAL_Driver/Src/stm32f1xx_hal.c 0x00000000   Number         0  stm32f1xx_hal.o ABSOLUTE
    ../Drivers/STM32F1xx_HAL_Driver/Src/stm32f1xx_hal_cortex.c 0x00000000   Number         0  stm32f1xx_hal_cortex.o ABSOLUTE
    ../Drivers/STM32F1xx_HAL_Driver/Src/stm32f1xx_hal_dma.c 0x00000000   Number         0  stm32f1xx_hal_dma.o ABSOLUTE
    ../Drivers/STM32F1xx_HAL_Driver/Src/stm32f1xx_hal_exti.c 0x00000000   Number         0  stm32f1xx_hal_exti.o ABSOLUTE
    ../Drivers/STM32F1xx_HAL_Driver/Src/stm32f1xx_hal_flash.c 0x00000000   Number         0  stm32f1xx_hal_flash.o ABSOLUTE
    ../Drivers/STM32F1xx_HAL_Driver/Src/stm32f1xx_hal_flash_ex.c 0x00000000   Number         0  stm32f1xx_hal_flash_ex.o ABSOLUTE
    ../Drivers/STM32F1xx_HAL_Driver/Src/stm32f1xx_hal_gpio.c 0x00000000   Number         0  stm32f1xx_hal_gpio.o ABSOLUTE
    ../Drivers/STM32F1xx_HAL_Driver/Src/stm32f1xx_hal_gpio_ex.c 0x00000000   Number         0  stm32f1xx_hal_gpio_ex.o ABSOLUTE
    ../Drivers/STM32F1xx_HAL_Driver/Src/stm32f1xx_hal_pwr.c 0x00000000   Number         0  stm32f1xx_hal_pwr.o ABSOLUTE
    ../Drivers/STM32F1xx_HAL_Driver/Src/stm32f1xx_hal_rcc.c 0x00000000   Number         0  stm32f1xx_hal_rcc.o ABSOLUTE
    ../Drivers/STM32F1xx_HAL_Driver/Src/stm32f1xx_hal_rcc_ex.c 0x00000000   Number         0  stm32f1xx_hal_rcc_ex.o ABSOLUTE
    ../Drivers/STM32F1xx_HAL_Driver/Src/stm32f1xx_hal_spi.c 0x00000000   Number         0  stm32f1xx_hal_spi.o ABSOLUTE
    ../Drivers/STM32F1xx_HAL_Driver/Src/stm32f1xx_hal_tim.c 0x00000000   Number         0  stm32f1xx_hal_tim.o ABSOLUTE
    ../Drivers/STM32F1xx_HAL_Driver/Src/stm32f1xx_hal_tim_ex.c 0x00000000   Number         0  stm32f1xx_hal_tim_ex.o ABSOLUTE
    ../clib/angel/boardlib.s                 0x00000000   Number         0  boardinit3.o ABSOLUTE
    ../clib/angel/boardlib.s                 0x00000000   Number         0  boardinit2.o ABSOLUTE
    ../clib/angel/boardlib.s                 0x00000000   Number         0  boardinit1.o ABSOLUTE
    ../clib/angel/boardlib.s                 0x00000000   Number         0  boardshut.o ABSOLUTE
    ../clib/angel/handlers.s                 0x00000000   Number         0  __scatter_zi.o ABSOLUTE
    ../clib/angel/handlers.s                 0x00000000   Number         0  __scatter_copy.o ABSOLUTE
    ../clib/angel/kernel.s                   0x00000000   Number         0  rtexit2.o ABSOLUTE
    ../clib/angel/kernel.s                   0x00000000   Number         0  __rtentry2.o ABSOLUTE
    ../clib/angel/kernel.s                   0x00000000   Number         0  __rtentry4.o ABSOLUTE
    ../clib/angel/kernel.s                   0x00000000   Number         0  rtexit.o ABSOLUTE
    ../clib/angel/kernel.s                   0x00000000   Number         0  __rtentry.o ABSOLUTE
    ../clib/angel/rt.s                       0x00000000   Number         0  rt_errno_addr.o ABSOLUTE
    ../clib/angel/rt.s                       0x00000000   Number         0  rt_errno_addr_intlibspace.o ABSOLUTE
    ../clib/angel/rt.s                       0x00000000   Number         0  rt_raise.o ABSOLUTE
    ../clib/angel/scatter.s                  0x00000000   Number         0  __scatter.o ABSOLUTE
    ../clib/angel/startup.s                  0x00000000   Number         0  __main.o ABSOLUTE
    ../clib/angel/sys.s                      0x00000000   Number         0  use_no_semi.o ABSOLUTE
    ../clib/angel/sys.s                      0x00000000   Number         0  libspace.o ABSOLUTE
    ../clib/angel/sys.s                      0x00000000   Number         0  indicate_semi.o ABSOLUTE
    ../clib/angel/sys.s                      0x00000000   Number         0  sys_stackheap_outer.o ABSOLUTE
    ../clib/angel/sysapp.c                   0x00000000   Number         0  sys_command.o ABSOLUTE
    ../clib/angel/sysapp.c                   0x00000000   Number         0  sys_wrch.o ABSOLUTE
    ../clib/angel/sysapp.c                   0x00000000   Number         0  sys_exit.o ABSOLUTE
    ../clib/armsys.c                         0x00000000   Number         0  argv_veneer.o ABSOLUTE
    ../clib/armsys.c                         0x00000000   Number         0  no_argv.o ABSOLUTE
    ../clib/armsys.c                         0x00000000   Number         0  _get_argv_nomalloc.o ABSOLUTE
    ../clib/armsys.c                         0x00000000   Number         0  argv_veneer.o ABSOLUTE
    ../clib/fenv.c                           0x00000000   Number         0  _rserrno.o ABSOLUTE
    ../clib/heapalloc.c                      0x00000000   Number         0  hrguard.o ABSOLUTE
    ../clib/heapaux.c                        0x00000000   Number         0  heapauxi.o ABSOLUTE
    ../clib/libinit.s                        0x00000000   Number         0  libshutdown.o ABSOLUTE
    ../clib/libinit.s                        0x00000000   Number         0  libinit2.o ABSOLUTE
    ../clib/libinit.s                        0x00000000   Number         0  libinit.o ABSOLUTE
    ../clib/libinit.s                        0x00000000   Number         0  libshutdown2.o ABSOLUTE
    ../clib/longlong.s                       0x00000000   Number         0  llushr.o ABSOLUTE
    ../clib/memcpset.s                       0x00000000   Number         0  rt_memclr_w.o ABSOLUTE
    ../clib/signal.c                         0x00000000   Number         0  defsig_other.o ABSOLUTE
    ../clib/signal.c                         0x00000000   Number         0  defsig_cppl_inner.o ABSOLUTE
    ../clib/signal.c                         0x00000000   Number         0  defsig_pvfn_inner.o ABSOLUTE
    ../clib/signal.c                         0x00000000   Number         0  defsig_stak_inner.o ABSOLUTE
    ../clib/signal.c                         0x00000000   Number         0  defsig_segv_inner.o ABSOLUTE
    ../clib/signal.c                         0x00000000   Number         0  defsig_rtmem_formal.o ABSOLUTE
    ../clib/signal.c                         0x00000000   Number         0  defsig_exit.o ABSOLUTE
    ../clib/signal.c                         0x00000000   Number         0  defsig_rtmem_inner.o ABSOLUTE
    ../clib/signal.c                         0x00000000   Number         0  __raise.o ABSOLUTE
    ../clib/signal.c                         0x00000000   Number         0  defsig_general.o ABSOLUTE
    ../clib/signal.c                         0x00000000   Number         0  defsig_abrt_inner.o ABSOLUTE
    ../clib/signal.c                         0x00000000   Number         0  defsig_fpe_inner.o ABSOLUTE
    ../clib/signal.c                         0x00000000   Number         0  defsig_rtred_inner.o ABSOLUTE
    ../clib/signal.c                         0x00000000   Number         0  defsig_rtmem_outer.o ABSOLUTE
    ../clib/signal.s                         0x00000000   Number         0  defsig.o ABSOLUTE
    ../clib/stdlib.c                         0x00000000   Number         0  exit.o ABSOLUTE
    ../clib/string.c                         0x00000000   Number         0  strlen.o ABSOLUTE
    ../fplib/daddsub.s                       0x00000000   Number         0  daddsub_clz.o ABSOLUTE
    ../fplib/dcheck1.s                       0x00000000   Number         0  dcheck1.o ABSOLUTE
    ../fplib/ddiv.s                          0x00000000   Number         0  ddiv.o ABSOLUTE
    ../fplib/dfix.s                          0x00000000   Number         0  dfix.o ABSOLUTE
    ../fplib/dfixu.s                         0x00000000   Number         0  dfixu.o ABSOLUTE
    ../fplib/dflt.s                          0x00000000   Number         0  dflt_clz.o ABSOLUTE
    ../fplib/dmul.s                          0x00000000   Number         0  dmul.o ABSOLUTE
    ../fplib/dnaninf.s                       0x00000000   Number         0  dnaninf.o ABSOLUTE
    ../fplib/dretinf.s                       0x00000000   Number         0  dretinf.o ABSOLUTE
    ../fplib/fcheck1.s                       0x00000000   Number         0  fcheck1.o ABSOLUTE
    ../fplib/ffixu.s                         0x00000000   Number         0  ffixu.o ABSOLUTE
    ../fplib/fflt.s                          0x00000000   Number         0  fflt_clz.o ABSOLUTE
    ../fplib/fmul.s                          0x00000000   Number         0  fmul.o ABSOLUTE
    ../fplib/fnaninf.s                       0x00000000   Number         0  fnaninf.o ABSOLUTE
    ../fplib/fpinit.s                        0x00000000   Number         0  fpinit.o ABSOLUTE
    ../fplib/fretinf.s                       0x00000000   Number         0  fretinf.o ABSOLUTE
    ../fplib/retnan.s                        0x00000000   Number         0  retnan.o ABSOLUTE
    ../fplib/scalbn.s                        0x00000000   Number         0  scalbn.o ABSOLUTE
    ../fplib/scalbnf.s                       0x00000000   Number         0  scalbnf.o ABSOLUTE
    ../fplib/trapv.s                         0x00000000   Number         0  trapv.o ABSOLUTE
    ../fplib/usenofp.s                       0x00000000   Number         0  usenofp.o ABSOLUTE
    ../mathlib/cos.c                         0x00000000   Number         0  cos.o ABSOLUTE
    ../mathlib/cos.c                         0x00000000   Number         0  cos_x.o ABSOLUTE
    ../mathlib/cos_i.c                       0x00000000   Number         0  cos_i.o ABSOLUTE
    ../mathlib/dunder.c                      0x00000000   Number         0  dunder.o ABSOLUTE
    ../mathlib/fpclassify.c                  0x00000000   Number         0  fpclassify.o ABSOLUTE
    ../mathlib/poly.c                        0x00000000   Number         0  poly.o ABSOLUTE
    ../mathlib/rred.c                        0x00000000   Number         0  rred.o ABSOLUTE
    ../mathlib/sin.c                         0x00000000   Number         0  sin_x.o ABSOLUTE
    ../mathlib/sin.c                         0x00000000   Number         0  sin.o ABSOLUTE
    ../mathlib/sin_i.c                       0x00000000   Number         0  sin_i.o ABSOLUTE
    ../mathlib/sin_i.c                       0x00000000   Number         0  sin_i_x.o ABSOLUTE
    ..\Core\Src\main.c                       0x00000000   Number         0  main.o ABSOLUTE
    ..\Core\Src\stm32f1xx_hal_msp.c          0x00000000   Number         0  stm32f1xx_hal_msp.o ABSOLUTE
    ..\Core\Src\stm32f1xx_it.c               0x00000000   Number         0  stm32f1xx_it.o ABSOLUTE
    ..\Core\Src\system_stm32f1xx.c           0x00000000   Number         0  system_stm32f1xx.o ABSOLUTE
    ..\DeviceDriver\app_processor.c          0x00000000   Number         0  app_processor.o ABSOLUTE
    ..\DeviceDriver\asset_st7735_font.c      0x00000000   Number         0  asset_st7735_font.o ABSOLUTE
    ..\DeviceDriver\bsp_led.c                0x00000000   Number         0  bsp_led.o ABSOLUTE
    ..\DeviceDriver\bsp_srf05.c              0x00000000   Number         0  bsp_srf05.o ABSOLUTE
    ..\DeviceDriver\bsp_st7735.c             0x00000000   Number         0  bsp_st7735.o ABSOLUTE
    ..\DeviceDriver\bsp_system_clock.c       0x00000000   Number         0  bsp_system_clock.o ABSOLUTE
    ..\DeviceDriver\driver_led.c             0x00000000   Number         0  driver_led.o ABSOLUTE
    ..\DeviceDriver\driver_srf05.c           0x00000000   Number         0  driver_srf05.o ABSOLUTE
    ..\DeviceDriver\driver_st7735.c          0x00000000   Number         0  driver_st7735.o ABSOLUTE
    ..\DeviceDriver\srv_display.c            0x00000000   Number         0  srv_display.o ABSOLUTE
    ..\Drivers\STM32F1xx_HAL_Driver\Src\stm32f1xx_hal.c 0x00000000   Number         0  stm32f1xx_hal.o ABSOLUTE
    ..\Drivers\STM32F1xx_HAL_Driver\Src\stm32f1xx_hal_cortex.c 0x00000000   Number         0  stm32f1xx_hal_cortex.o ABSOLUTE
    ..\Drivers\STM32F1xx_HAL_Driver\Src\stm32f1xx_hal_dma.c 0x00000000   Number         0  stm32f1xx_hal_dma.o ABSOLUTE
    ..\Drivers\STM32F1xx_HAL_Driver\Src\stm32f1xx_hal_exti.c 0x00000000   Number         0  stm32f1xx_hal_exti.o ABSOLUTE
    ..\Drivers\STM32F1xx_HAL_Driver\Src\stm32f1xx_hal_flash.c 0x00000000   Number         0  stm32f1xx_hal_flash.o ABSOLUTE
    ..\Drivers\STM32F1xx_HAL_Driver\Src\stm32f1xx_hal_flash_ex.c 0x00000000   Number         0  stm32f1xx_hal_flash_ex.o ABSOLUTE
    ..\Drivers\STM32F1xx_HAL_Driver\Src\stm32f1xx_hal_gpio.c 0x00000000   Number         0  stm32f1xx_hal_gpio.o ABSOLUTE
    ..\Drivers\STM32F1xx_HAL_Driver\Src\stm32f1xx_hal_gpio_ex.c 0x00000000   Number         0  stm32f1xx_hal_gpio_ex.o ABSOLUTE
    ..\Drivers\STM32F1xx_HAL_Driver\Src\stm32f1xx_hal_pwr.c 0x00000000   Number         0  stm32f1xx_hal_pwr.o ABSOLUTE
    ..\Drivers\STM32F1xx_HAL_Driver\Src\stm32f1xx_hal_rcc.c 0x00000000   Number         0  stm32f1xx_hal_rcc.o ABSOLUTE
    ..\Drivers\STM32F1xx_HAL_Driver\Src\stm32f1xx_hal_rcc_ex.c 0x00000000   Number         0  stm32f1xx_hal_rcc_ex.o ABSOLUTE
    ..\Drivers\STM32F1xx_HAL_Driver\Src\stm32f1xx_hal_spi.c 0x00000000   Number         0  stm32f1xx_hal_spi.o ABSOLUTE
    ..\Drivers\STM32F1xx_HAL_Driver\Src\stm32f1xx_hal_tim.c 0x00000000   Number         0  stm32f1xx_hal_tim.o ABSOLUTE
    ..\Drivers\STM32F1xx_HAL_Driver\Src\stm32f1xx_hal_tim_ex.c 0x00000000   Number         0  stm32f1xx_hal_tim_ex.o ABSOLUTE
    ..\\DeviceDriver\\app_processor.c        0x00000000   Number         0  app_processor.o ABSOLUTE
    ..\\DeviceDriver\\bsp_led.c              0x00000000   Number         0  bsp_led.o ABSOLUTE
    ..\\DeviceDriver\\bsp_srf05.c            0x00000000   Number         0  bsp_srf05.o ABSOLUTE
    ..\\DeviceDriver\\bsp_st7735.c           0x00000000   Number         0  bsp_st7735.o ABSOLUTE
    ..\\DeviceDriver\\bsp_system_clock.c     0x00000000   Number         0  bsp_system_clock.o ABSOLUTE
    ..\\DeviceDriver\\driver_led.c           0x00000000   Number         0  driver_led.o ABSOLUTE
    ..\\DeviceDriver\\driver_srf05.c         0x00000000   Number         0  driver_srf05.o ABSOLUTE
    ..\\DeviceDriver\\driver_st7735.c        0x00000000   Number         0  driver_st7735.o ABSOLUTE
    ..\\DeviceDriver\\srv_display.c          0x00000000   Number         0  srv_display.o ABSOLUTE
    dc.s                                     0x00000000   Number         0  dc.o ABSOLUTE
    startup_stm32f103xb.s                    0x00000000   Number         0  startup_stm32f103xb.o ABSOLUTE
    RESET                                    0x08000000   Section      236  startup_stm32f103xb.o(RESET)
    !!!main                                  0x080000ec   Section        8  __main.o(!!!main)
    !!!scatter                               0x080000f4   Section       52  __scatter.o(!!!scatter)
    !!handler_copy                           0x08000128   Section       26  __scatter_copy.o(!!handler_copy)
    !!handler_zi                             0x08000144   Section       28  __scatter_zi.o(!!handler_zi)
    .ARM.Collect$$libinit$$00000000          0x08000160   Section        2  libinit.o(.ARM.Collect$$libinit$$00000000)
    .ARM.Collect$$libinit$$00000002          0x08000162   Section        0  libinit2.o(.ARM.Collect$$libinit$$00000002)
    .ARM.Collect$$libinit$$00000004          0x08000162   Section        0  libinit2.o(.ARM.Collect$$libinit$$00000004)
    .ARM.Collect$$libinit$$0000000A          0x08000162   Section        0  libinit2.o(.ARM.Collect$$libinit$$0000000A)
    .ARM.Collect$$libinit$$0000000C          0x08000162   Section        0  libinit2.o(.ARM.Collect$$libinit$$0000000C)
    .ARM.Collect$$libinit$$0000000E          0x08000162   Section        0  libinit2.o(.ARM.Collect$$libinit$$0000000E)
    .ARM.Collect$$libinit$$00000011          0x08000162   Section        0  libinit2.o(.ARM.Collect$$libinit$$00000011)
    .ARM.Collect$$libinit$$00000013          0x08000162   Section        0  libinit2.o(.ARM.Collect$$libinit$$00000013)
    .ARM.Collect$$libinit$$00000015          0x08000162   Section        0  libinit2.o(.ARM.Collect$$libinit$$00000015)
    .ARM.Collect$$libinit$$00000017          0x08000162   Section        0  libinit2.o(.ARM.Collect$$libinit$$00000017)
    .ARM.Collect$$libinit$$00000019          0x08000162   Section        0  libinit2.o(.ARM.Collect$$libinit$$00000019)
    .ARM.Collect$$libinit$$0000001B          0x08000162   Section        0  libinit2.o(.ARM.Collect$$libinit$$0000001B)
    .ARM.Collect$$libinit$$0000001D          0x08000162   Section        0  libinit2.o(.ARM.Collect$$libinit$$0000001D)
    .ARM.Collect$$libinit$$0000001F          0x08000162   Section        0  libinit2.o(.ARM.Collect$$libinit$$0000001F)
    .ARM.Collect$$libinit$$00000021          0x08000162   Section        0  libinit2.o(.ARM.Collect$$libinit$$00000021)
    .ARM.Collect$$libinit$$00000023          0x08000162   Section        0  libinit2.o(.ARM.Collect$$libinit$$00000023)
    .ARM.Collect$$libinit$$00000025          0x08000162   Section        0  libinit2.o(.ARM.Collect$$libinit$$00000025)
    .ARM.Collect$$libinit$$0000002C          0x08000162   Section        0  libinit2.o(.ARM.Collect$$libinit$$0000002C)
    .ARM.Collect$$libinit$$0000002E          0x08000162   Section        0  libinit2.o(.ARM.Collect$$libinit$$0000002E)
    .ARM.Collect$$libinit$$00000030          0x08000162   Section        0  libinit2.o(.ARM.Collect$$libinit$$00000030)
    .ARM.Collect$$libinit$$00000032          0x08000162   Section        0  libinit2.o(.ARM.Collect$$libinit$$00000032)
    .ARM.Collect$$libinit$$00000033          0x08000162   Section        2  libinit2.o(.ARM.Collect$$libinit$$00000033)
    .ARM.Collect$$libshutdown$$00000000      0x08000164   Section        2  libshutdown.o(.ARM.Collect$$libshutdown$$00000000)
    .ARM.Collect$$libshutdown$$00000002      0x08000166   Section        0  libshutdown2.o(.ARM.Collect$$libshutdown$$00000002)
    .ARM.Collect$$libshutdown$$00000004      0x08000166   Section        0  libshutdown2.o(.ARM.Collect$$libshutdown$$00000004)
    .ARM.Collect$$libshutdown$$00000007      0x08000166   Section        0  libshutdown2.o(.ARM.Collect$$libshutdown$$00000007)
    .ARM.Collect$$libshutdown$$0000000A      0x08000166   Section        0  libshutdown2.o(.ARM.Collect$$libshutdown$$0000000A)
    .ARM.Collect$$libshutdown$$0000000C      0x08000166   Section        0  libshutdown2.o(.ARM.Collect$$libshutdown$$0000000C)
    .ARM.Collect$$libshutdown$$0000000F      0x08000166   Section        0  libshutdown2.o(.ARM.Collect$$libshutdown$$0000000F)
    .ARM.Collect$$libshutdown$$00000010      0x08000166   Section        2  libshutdown2.o(.ARM.Collect$$libshutdown$$00000010)
    .ARM.Collect$$rtentry$$00000000          0x08000168   Section        0  __rtentry.o(.ARM.Collect$$rtentry$$00000000)
    .ARM.Collect$$rtentry$$00000002          0x08000168   Section        0  __rtentry2.o(.ARM.Collect$$rtentry$$00000002)
    .ARM.Collect$$rtentry$$00000004          0x08000168   Section        6  __rtentry4.o(.ARM.Collect$$rtentry$$00000004)
    .ARM.Collect$$rtentry$$00000009          0x0800016e   Section        0  __rtentry2.o(.ARM.Collect$$rtentry$$00000009)
    .ARM.Collect$$rtentry$$0000000A          0x0800016e   Section        4  __rtentry2.o(.ARM.Collect$$rtentry$$0000000A)
    .ARM.Collect$$rtentry$$0000000C          0x08000172   Section        0  __rtentry2.o(.ARM.Collect$$rtentry$$0000000C)
    .ARM.Collect$$rtentry$$0000000D          0x08000172   Section        8  __rtentry2.o(.ARM.Collect$$rtentry$$0000000D)
    .ARM.Collect$$rtexit$$00000000           0x0800017a   Section        2  rtexit.o(.ARM.Collect$$rtexit$$00000000)
    .ARM.Collect$$rtexit$$00000002           0x0800017c   Section        0  rtexit2.o(.ARM.Collect$$rtexit$$00000002)
    .ARM.Collect$$rtexit$$00000003           0x0800017c   Section        4  rtexit2.o(.ARM.Collect$$rtexit$$00000003)
    .ARM.Collect$$rtexit$$00000004           0x08000180   Section        6  rtexit2.o(.ARM.Collect$$rtexit$$00000004)
    .text                                    0x08000188   Section       64  startup_stm32f103xb.o(.text)
    .text                                    0x080001c8   Section        0  strlen.o(.text)
    .text                                    0x08000206   Section       78  rt_memclr_w.o(.text)
    .text                                    0x08000254   Section        0  heapauxi.o(.text)
    .text                                    0x0800025c   Section        8  libspace.o(.text)
    .text                                    0x08000264   Section       74  sys_stackheap_outer.o(.text)
    .text                                    0x080002ae   Section        0  exit.o(.text)
    .text                                    0x080002c0   Section        0  sys_exit.o(.text)
    .text                                    0x080002cc   Section        2  use_no_semi.o(.text)
    .text                                    0x080002ce   Section        0  indicate_semi.o(.text)
    i.BusFault_Handler                       0x080002ce   Section        0  stm32f1xx_it.o(i.BusFault_Handler)
    i.DebugMon_Handler                       0x080002d0   Section        0  stm32f1xx_it.o(i.DebugMon_Handler)
    i.HAL_Delay                              0x080002d4   Section        0  stm32f1xx_hal.o(i.HAL_Delay)
    i.HAL_GPIO_Init                          0x080002f8   Section        0  stm32f1xx_hal_gpio.o(i.HAL_GPIO_Init)
    i.HAL_GPIO_ReadPin                       0x080004d8   Section        0  stm32f1xx_hal_gpio.o(i.HAL_GPIO_ReadPin)
    i.HAL_GPIO_WritePin                      0x080004e2   Section        0  stm32f1xx_hal_gpio.o(i.HAL_GPIO_WritePin)
    i.HAL_GetTick                            0x080004ec   Section        0  stm32f1xx_hal.o(i.HAL_GetTick)
    i.HAL_IncTick                            0x080004f8   Section        0  stm32f1xx_hal.o(i.HAL_IncTick)
    i.HAL_Init                               0x08000508   Section        0  stm32f1xx_hal.o(i.HAL_Init)
    i.HAL_InitTick                           0x0800052c   Section        0  stm32f1xx_hal.o(i.HAL_InitTick)
    i.HAL_MspInit                            0x0800056c   Section        0  stm32f1xx_hal_msp.o(i.HAL_MspInit)
    i.HAL_NVIC_SetPriority                   0x080005a8   Section        0  stm32f1xx_hal_cortex.o(i.HAL_NVIC_SetPriority)
    i.HAL_NVIC_SetPriorityGrouping           0x080005e8   Section        0  stm32f1xx_hal_cortex.o(i.HAL_NVIC_SetPriorityGrouping)
    i.HAL_RCC_ClockConfig                    0x0800060c   Section        0  stm32f1xx_hal_rcc.o(i.HAL_RCC_ClockConfig)
    i.HAL_RCC_GetSysClockFreq                0x08000738   Section        0  stm32f1xx_hal_rcc.o(i.HAL_RCC_GetSysClockFreq)
    i.HAL_RCC_OscConfig                      0x08000784   Section        0  stm32f1xx_hal_rcc.o(i.HAL_RCC_OscConfig)
    i.HAL_SPI_Init                           0x08000aa4   Section        0  stm32f1xx_hal_spi.o(i.HAL_SPI_Init)
    i.HAL_SPI_MspInit                        0x08000b58   Section        0  stm32f1xx_hal_msp.o(i.HAL_SPI_MspInit)
    i.HAL_SPI_Transmit                       0x08000bc8   Section        0  stm32f1xx_hal_spi.o(i.HAL_SPI_Transmit)
    i.HAL_SYSTICK_Config                     0x08000d2e   Section        0  stm32f1xx_hal_cortex.o(i.HAL_SYSTICK_Config)
    i.HAL_TIMEx_MasterConfigSynchronization  0x08000d58   Section        0  stm32f1xx_hal_tim_ex.o(i.HAL_TIMEx_MasterConfigSynchronization)
    i.HAL_TIM_Base_Init                      0x08000dc0   Section        0  stm32f1xx_hal_tim.o(i.HAL_TIM_Base_Init)
    i.HAL_TIM_Base_MspInit                   0x08000e1c   Section        0  stm32f1xx_hal_msp.o(i.HAL_TIM_Base_MspInit)
    i.HAL_TIM_Base_Start                     0x08000e44   Section        0  stm32f1xx_hal_tim.o(i.HAL_TIM_Base_Start)
    i.HAL_TIM_ConfigClockSource              0x08000e94   Section        0  stm32f1xx_hal_tim.o(i.HAL_TIM_ConfigClockSource)
    i.HardFault_Handler                      0x08000f70   Section        0  stm32f1xx_it.o(i.HardFault_Handler)
    i.MemManage_Handler                      0x08000f72   Section        0  stm32f1xx_it.o(i.MemManage_Handler)
    i.NMI_Handler                            0x08000f74   Section        0  stm32f1xx_it.o(i.NMI_Handler)
    i.PendSV_Handler                         0x08000f76   Section        0  stm32f1xx_it.o(i.PendSV_Handler)
    i.SPI_EndRxTxTransaction                 0x08000f78   Section        0  stm32f1xx_hal_spi.o(i.SPI_EndRxTxTransaction)
    SPI_EndRxTxTransaction                   0x08000f79   Thumb Code    52  stm32f1xx_hal_spi.o(i.SPI_EndRxTxTransaction)
    i.SPI_WaitFlagStateUntilTimeout          0x08000fac   Section        0  stm32f1xx_hal_spi.o(i.SPI_WaitFlagStateUntilTimeout)
    SPI_WaitFlagStateUntilTimeout            0x08000fad   Thumb Code   180  stm32f1xx_hal_spi.o(i.SPI_WaitFlagStateUntilTimeout)
    i.SVC_Handler                            0x08001064   Section        0  stm32f1xx_it.o(i.SVC_Handler)
    i.SysTick_Handler                        0x08001066   Section        0  stm32f1xx_it.o(i.SysTick_Handler)
    i.SystemInit                             0x0800106a   Section        0  system_stm32f1xx.o(i.SystemInit)
    i.TIM_Base_SetConfig                     0x0800106c   Section        0  stm32f1xx_hal_tim.o(i.TIM_Base_SetConfig)
    i.TIM_ETR_SetConfig                      0x080010e4   Section        0  stm32f1xx_hal_tim.o(i.TIM_ETR_SetConfig)
    i.TIM_ITRx_SetConfig                     0x080010f8   Section        0  stm32f1xx_hal_tim.o(i.TIM_ITRx_SetConfig)
    TIM_ITRx_SetConfig                       0x080010f9   Thumb Code    16  stm32f1xx_hal_tim.o(i.TIM_ITRx_SetConfig)
    i.TIM_TI1_ConfigInputStage               0x08001108   Section        0  stm32f1xx_hal_tim.o(i.TIM_TI1_ConfigInputStage)
    TIM_TI1_ConfigInputStage                 0x08001109   Thumb Code    34  stm32f1xx_hal_tim.o(i.TIM_TI1_ConfigInputStage)
    i.TIM_TI2_ConfigInputStage               0x0800112a   Section        0  stm32f1xx_hal_tim.o(i.TIM_TI2_ConfigInputStage)
    TIM_TI2_ConfigInputStage                 0x0800112b   Thumb Code    36  stm32f1xx_hal_tim.o(i.TIM_TI2_ConfigInputStage)
    i.UsageFault_Handler                     0x0800114e   Section        0  stm32f1xx_it.o(i.UsageFault_Handler)
    i.__NVIC_SetPriority                     0x08001150   Section        0  stm32f1xx_hal_cortex.o(i.__NVIC_SetPriority)
    __NVIC_SetPriority                       0x08001151   Thumb Code    32  stm32f1xx_hal_cortex.o(i.__NVIC_SetPriority)
    i.app_processor_host                     0x08001170   Section        0  app_processor.o(i.app_processor_host)
    i.app_processor_init                     0x08001264   Section        0  app_processor.o(i.app_processor_init)
    i.app_processor_operates                 0x08001288   Section        0  app_processor.o(i.app_processor_operates)
    i.bsp_led_gpio_init                      0x080012b4   Section        0  bsp_led.o(i.bsp_led_gpio_init)
    i.bsp_led_init                           0x08001324   Section        0  bsp_led.o(i.bsp_led_init)
    i.bsp_led_off                            0x08001358   Section        0  bsp_led.o(i.bsp_led_off)
    i.bsp_led_on                             0x08001378   Section        0  bsp_led.o(i.bsp_led_on)
    i.bsp_srf05_get_distance_cm              0x08001398   Section        0  bsp_srf05.o(i.bsp_srf05_get_distance_cm)
    i.bsp_srf05_gpio_init                    0x080013c0   Section        0  bsp_srf05.o(i.bsp_srf05_gpio_init)
    i.bsp_srf05_init                         0x08001440   Section        0  bsp_srf05.o(i.bsp_srf05_init)
    i.bsp_srf05_tim_init                     0x0800148c   Section        0  bsp_srf05.o(i.bsp_srf05_tim_init)
    i.bsp_st7735_draw_pixel                  0x080014ec   Section        0  bsp_st7735.o(i.bsp_st7735_draw_pixel)
    i.bsp_st7735_draw_rectangle              0x08001518   Section        0  bsp_st7735.o(i.bsp_st7735_draw_rectangle)
    i.bsp_st7735_draw_string_center          0x08001548   Section        0  bsp_st7735.o(i.bsp_st7735_draw_string_center)
    i.bsp_st7735_fill_rectangle              0x08001598   Section        0  bsp_st7735.o(i.bsp_st7735_fill_rectangle)
    i.bsp_st7735_gpio_init                   0x080015c8   Section        0  bsp_st7735.o(i.bsp_st7735_gpio_init)
    i.bsp_st7735_init                        0x0800162c   Section        0  bsp_st7735.o(i.bsp_st7735_init)
    i.bsp_st7735_spi_init                    0x08001678   Section        0  bsp_st7735.o(i.bsp_st7735_spi_init)
    i.bsp_system_clock_init                  0x0800170c   Section        0  bsp_system_clock.o(i.bsp_system_clock_init)
    i.led_init                               0x0800176a   Section        0  driver_led.o(i.led_init)
    i.led_off                                0x08001784   Section        0  driver_led.o(i.led_off)
    i.led_on                                 0x0800179e   Section        0  driver_led.o(i.led_on)
    i.main                                   0x080017b8   Section        0  main.o(i.main)
    i.srf05_get_distance_cm                  0x080017cc   Section        0  driver_srf05.o(i.srf05_get_distance_cm)
    i.srf05_init                             0x08001840   Section        0  driver_srf05.o(i.srf05_init)
    i.srf05_trigger                          0x0800185c   Section        0  driver_srf05.o(i.srf05_trigger)
    i.srv_display                            0x08001886   Section        0  srv_display.o(i.srv_display)
    i.st7735_draw_char                       0x080018d0   Section        0  driver_st7735.o(i.st7735_draw_char)
    i.st7735_draw_pixel                      0x08001960   Section        0  driver_st7735.o(i.st7735_draw_pixel)
    i.st7735_draw_rectangle                  0x080019a4   Section        0  driver_st7735.o(i.st7735_draw_rectangle)
    i.st7735_draw_string                     0x08001a4e   Section        0  driver_st7735.o(i.st7735_draw_string)
    i.st7735_draw_string_center              0x08001aba   Section        0  driver_st7735.o(i.st7735_draw_string_center)
    i.st7735_fill_rectangle                  0x08001b14   Section        0  driver_st7735.o(i.st7735_fill_rectangle)
    i.st7735_init                            0x08001ba0   Section        0  driver_st7735.o(i.st7735_init)
    i.st7735_send_cmd_list                   0x08001c70   Section        0  driver_st7735.o(i.st7735_send_cmd_list)
    i.st7735_set_pos                         0x08001cc2   Section        0  driver_st7735.o(i.st7735_set_pos)
    i.st7735_write_cmd                       0x08001d68   Section        0  driver_st7735.o(i.st7735_write_cmd)
    i.st7735_write_data                      0x08001db2   Section        0  driver_st7735.o(i.st7735_write_data)
    x$fpl$fcheck1                            0x08001dfc   Section       12  fcheck1.o(x$fpl$fcheck1)
    x$fpl$ffixu                              0x08001e08   Section       62  ffixu.o(x$fpl$ffixu)
    x$fpl$ffltu                              0x08001e48   Section       38  fflt_clz.o(x$fpl$ffltu)
    x$fpl$fmul                               0x08001e70   Section      258  fmul.o(x$fpl$fmul)
    x$fpl$fnaninf                            0x08001f72   Section      140  fnaninf.o(x$fpl$fnaninf)
    x$fpl$fretinf                            0x08001ffe   Section       10  fretinf.o(x$fpl$fretinf)
    x$fpl$retnan                             0x08002008   Section      100  retnan.o(x$fpl$retnan)
    x$fpl$scalbnf                            0x0800206c   Section       76  scalbnf.o(x$fpl$scalbnf)
    x$fpl$trapveneer                         0x080020b8   Section       48  trapv.o(x$fpl$trapveneer)
    .constdata                               0x080020e8   Section       18  stm32f1xx_hal_rcc.o(.constdata)
    x$fpl$usenofp                            0x080020e8   Section        0  usenofp.o(x$fpl$usenofp)
    aPredivFactorTable                       0x080020e8   Data           2  stm32f1xx_hal_rcc.o(.constdata)
    aPLLMULFactorTable                       0x080020ea   Data          16  stm32f1xx_hal_rcc.o(.constdata)
    .constdata                               0x080020fa   Section       16  system_stm32f1xx.o(.constdata)
    .constdata                               0x0800210a   Section     1900  asset_st7735_font.o(.constdata)
    font7x10                                 0x0800210a   Data        1900  asset_st7735_font.o(.constdata)
    .constdata                               0x08002876   Section        3  driver_st7735.o(.constdata)
    .constdata                               0x08002879   Section        3  driver_st7735.o(.constdata)
    .constdata                               0x0800287c   Section        6  driver_st7735.o(.constdata)
    .constdata                               0x08002882   Section        1  driver_st7735.o(.constdata)
    .constdata                               0x08002883   Section        3  driver_st7735.o(.constdata)
    .constdata                               0x08002886   Section        1  driver_st7735.o(.constdata)
    .constdata                               0x08002887   Section        2  driver_st7735.o(.constdata)
    .constdata                               0x08002889   Section        2  driver_st7735.o(.constdata)
    .constdata                               0x0800288b   Section        2  driver_st7735.o(.constdata)
    .constdata                               0x0800288d   Section        1  driver_st7735.o(.constdata)
    .constdata                               0x0800288e   Section       16  driver_st7735.o(.constdata)
    .constdata                               0x0800289e   Section       16  driver_st7735.o(.constdata)
    .constdata                               0x080028b0   Section      104  driver_st7735.o(.constdata)
    init_cmds                                0x080028b0   Data         104  driver_st7735.o(.constdata)
    .data                                    0x20000000   Section       12  stm32f1xx_hal.o(.data)
    .data                                    0x2000000c   Section        4  system_stm32f1xx.o(.data)
    .data                                    0x20000010   Section       12  app_processor.o(.data)
    last_x                                   0x20000010   Data           1  app_processor.o(.data)
    y                                        0x20000011   Data           1  app_processor.o(.data)
    host_position                            0x20000012   Data           1  app_processor.o(.data)
    app_handler                              0x20000013   Data           2  app_processor.o(.data)
    distance                                 0x20000018   Data           4  app_processor.o(.data)
    .data                                    0x2000001c   Section       12  asset_st7735_font.o(.data)
    .data                                    0x20000028   Section       12  bsp_led.o(.data)
    led_bsp_handler                          0x20000028   Data           2  bsp_led.o(.data)
    led_device                               0x2000002c   Data           8  bsp_led.o(.data)
    .data                                    0x20000034   Section        8  bsp_srf05.o(.data)
    srf05_bsp_handler                        0x20000034   Data           8  bsp_srf05.o(.data)
    .data                                    0x2000003c   Section        8  bsp_st7735.o(.data)
    st7735_bsp_handler                       0x2000003c   Data           8  bsp_st7735.o(.data)
    .bss                                     0x20000044   Section       12  bsp_srf05.o(.bss)
    srf05_device                             0x20000044   Data          12  bsp_srf05.o(.bss)
    .bss                                     0x20000050   Section       72  bsp_srf05.o(.bss)
    .bss                                     0x20000098   Section       16  bsp_st7735.o(.bss)
    st7735_device                            0x20000098   Data          16  bsp_st7735.o(.bss)
    .bss                                     0x200000a8   Section       88  bsp_st7735.o(.bss)
    .bss                                     0x20000100   Section       96  libspace.o(.bss)
    HEAP                                     0x20000160   Section      512  startup_stm32f103xb.o(HEAP)
    Heap_Mem                                 0x20000160   Data         512  startup_stm32f103xb.o(HEAP)
    STACK                                    0x20000360   Section     1024  startup_stm32f103xb.o(STACK)
    Stack_Mem                                0x20000360   Data        1024  startup_stm32f103xb.o(STACK)
    __initial_sp                             0x20000760   Data           0  startup_stm32f103xb.o(STACK)

    Global Symbols

    Symbol Name                              Value     Ov Type        Size  Object(Section)

    BuildAttributes$$THM_ISAv4$P$D$K$B$S$PE$A:L22UL41UL21$X:L11$S22US41US21$IEEE1$IW$USESV6$~STKCKD$USESV7$~SHL$OTIME$ROPI$IEEEX$EBA8$UX$STANDARDLIB$REQ8$PRES8$EABIv2 0x00000000   Number         0  anon$$obj.o ABSOLUTE
    __ARM_use_no_argv                        0x00000000   Number         0  main.o ABSOLUTE
    __ARM_exceptions_init                     - Undefined Weak Reference
    __alloca_initialize                       - Undefined Weak Reference
    __arm_preinit_                            - Undefined Weak Reference
    __cpp_initialize__aeabi_                  - Undefined Weak Reference
    __cxa_finalize                            - Undefined Weak Reference
    __rt_locale                               - Undefined Weak Reference
    __sigvec_lookup                           - Undefined Weak Reference
    _atexit_init                              - Undefined Weak Reference
    _call_atexit_fns                          - Undefined Weak Reference
    _clock_init                               - Undefined Weak Reference
    _fp_trap_init                             - Undefined Weak Reference
    _fp_trap_shutdown                         - Undefined Weak Reference
    _get_lc_collate                           - Undefined Weak Reference
    _get_lc_ctype                             - Undefined Weak Reference
    _get_lc_monetary                          - Undefined Weak Reference
    _get_lc_numeric                           - Undefined Weak Reference
    _get_lc_time                              - Undefined Weak Reference
    _getenv_init                              - Undefined Weak Reference
    _handle_redirection                       - Undefined Weak Reference
    _init_alloc                               - Undefined Weak Reference
    _init_user_alloc                          - Undefined Weak Reference
    _initio                                   - Undefined Weak Reference
    _rand_init                                - Undefined Weak Reference
    _signal_finish                            - Undefined Weak Reference
    _signal_init                              - Undefined Weak Reference
    _terminate_alloc                          - Undefined Weak Reference
    _terminate_user_alloc                     - Undefined Weak Reference
    _terminateio                              - Undefined Weak Reference
    __Vectors_Size                           0x000000ec   Number         0  startup_stm32f103xb.o ABSOLUTE
    __Vectors                                0x08000000   Data           4  startup_stm32f103xb.o(RESET)
    __Vectors_End                            0x080000ec   Data           0  startup_stm32f103xb.o(RESET)
    __main                                   0x080000ed   Thumb Code     8  __main.o(!!!main)
    __scatterload                            0x080000f5   Thumb Code     0  __scatter.o(!!!scatter)
    __scatterload_rt2                        0x080000f5   Thumb Code    44  __scatter.o(!!!scatter)
    __scatterload_rt2_thumb_only             0x080000f5   Thumb Code     0  __scatter.o(!!!scatter)
    __scatterload_null                       0x08000103   Thumb Code     0  __scatter.o(!!!scatter)
    __scatterload_copy                       0x08000129   Thumb Code    26  __scatter_copy.o(!!handler_copy)
    __scatterload_zeroinit                   0x08000145   Thumb Code    28  __scatter_zi.o(!!handler_zi)
    __rt_lib_init                            0x08000161   Thumb Code     0  libinit.o(.ARM.Collect$$libinit$$00000000)
    __rt_lib_init_alloca_1                   0x08000163   Thumb Code     0  libinit2.o(.ARM.Collect$$libinit$$0000002E)
    __rt_lib_init_argv_1                     0x08000163   Thumb Code     0  libinit2.o(.ARM.Collect$$libinit$$0000002C)
    __rt_lib_init_atexit_1                   0x08000163   Thumb Code     0  libinit2.o(.ARM.Collect$$libinit$$0000001B)
    __rt_lib_init_clock_1                    0x08000163   Thumb Code     0  libinit2.o(.ARM.Collect$$libinit$$00000021)
    __rt_lib_init_cpp_1                      0x08000163   Thumb Code     0  libinit2.o(.ARM.Collect$$libinit$$00000032)
    __rt_lib_init_exceptions_1               0x08000163   Thumb Code     0  libinit2.o(.ARM.Collect$$libinit$$00000030)
    __rt_lib_init_fp_1                       0x08000163   Thumb Code     0  libinit2.o(.ARM.Collect$$libinit$$00000002)
    __rt_lib_init_fp_trap_1                  0x08000163   Thumb Code     0  libinit2.o(.ARM.Collect$$libinit$$0000001F)
    __rt_lib_init_getenv_1                   0x08000163   Thumb Code     0  libinit2.o(.ARM.Collect$$libinit$$00000023)
    __rt_lib_init_heap_1                     0x08000163   Thumb Code     0  libinit2.o(.ARM.Collect$$libinit$$0000000A)
    __rt_lib_init_lc_collate_1               0x08000163   Thumb Code     0  libinit2.o(.ARM.Collect$$libinit$$00000011)
    __rt_lib_init_lc_ctype_1                 0x08000163   Thumb Code     0  libinit2.o(.ARM.Collect$$libinit$$00000013)
    __rt_lib_init_lc_monetary_1              0x08000163   Thumb Code     0  libinit2.o(.ARM.Collect$$libinit$$00000015)
    __rt_lib_init_lc_numeric_1               0x08000163   Thumb Code     0  libinit2.o(.ARM.Collect$$libinit$$00000017)
    __rt_lib_init_lc_time_1                  0x08000163   Thumb Code     0  libinit2.o(.ARM.Collect$$libinit$$00000019)
    __rt_lib_init_preinit_1                  0x08000163   Thumb Code     0  libinit2.o(.ARM.Collect$$libinit$$00000004)
    __rt_lib_init_rand_1                     0x08000163   Thumb Code     0  libinit2.o(.ARM.Collect$$libinit$$0000000E)
    __rt_lib_init_return                     0x08000163   Thumb Code     0  libinit2.o(.ARM.Collect$$libinit$$00000033)
    __rt_lib_init_signal_1                   0x08000163   Thumb Code     0  libinit2.o(.ARM.Collect$$libinit$$0000001D)
    __rt_lib_init_stdio_1                    0x08000163   Thumb Code     0  libinit2.o(.ARM.Collect$$libinit$$00000025)
    __rt_lib_init_user_alloc_1               0x08000163   Thumb Code     0  libinit2.o(.ARM.Collect$$libinit$$0000000C)
    __rt_lib_shutdown                        0x08000165   Thumb Code     0  libshutdown.o(.ARM.Collect$$libshutdown$$00000000)
    __rt_lib_shutdown_cpp_1                  0x08000167   Thumb Code     0  libshutdown2.o(.ARM.Collect$$libshutdown$$00000002)
    __rt_lib_shutdown_fp_trap_1              0x08000167   Thumb Code     0  libshutdown2.o(.ARM.Collect$$libshutdown$$00000007)
    __rt_lib_shutdown_heap_1                 0x08000167   Thumb Code     0  libshutdown2.o(.ARM.Collect$$libshutdown$$0000000F)
    __rt_lib_shutdown_return                 0x08000167   Thumb Code     0  libshutdown2.o(.ARM.Collect$$libshutdown$$00000010)
    __rt_lib_shutdown_signal_1               0x08000167   Thumb Code     0  libshutdown2.o(.ARM.Collect$$libshutdown$$0000000A)
    __rt_lib_shutdown_stdio_1                0x08000167   Thumb Code     0  libshutdown2.o(.ARM.Collect$$libshutdown$$00000004)
    __rt_lib_shutdown_user_alloc_1           0x08000167   Thumb Code     0  libshutdown2.o(.ARM.Collect$$libshutdown$$0000000C)
    __rt_entry                               0x08000169   Thumb Code     0  __rtentry.o(.ARM.Collect$$rtentry$$00000000)
    __rt_entry_presh_1                       0x08000169   Thumb Code     0  __rtentry2.o(.ARM.Collect$$rtentry$$00000002)
    __rt_entry_sh                            0x08000169   Thumb Code     0  __rtentry4.o(.ARM.Collect$$rtentry$$00000004)
    __rt_entry_li                            0x0800016f   Thumb Code     0  __rtentry2.o(.ARM.Collect$$rtentry$$0000000A)
    __rt_entry_postsh_1                      0x0800016f   Thumb Code     0  __rtentry2.o(.ARM.Collect$$rtentry$$00000009)
    __rt_entry_main                          0x08000173   Thumb Code     0  __rtentry2.o(.ARM.Collect$$rtentry$$0000000D)
    __rt_entry_postli_1                      0x08000173   Thumb Code     0  __rtentry2.o(.ARM.Collect$$rtentry$$0000000C)
    __rt_exit                                0x0800017b   Thumb Code     0  rtexit.o(.ARM.Collect$$rtexit$$00000000)
    __rt_exit_ls                             0x0800017d   Thumb Code     0  rtexit2.o(.ARM.Collect$$rtexit$$00000003)
    __rt_exit_prels_1                        0x0800017d   Thumb Code     0  rtexit2.o(.ARM.Collect$$rtexit$$00000002)
    __rt_exit_exit                           0x08000181   Thumb Code     0  rtexit2.o(.ARM.Collect$$rtexit$$00000004)
    Reset_Handler                            0x08000189   Thumb Code     8  startup_stm32f103xb.o(.text)
    ADC1_2_IRQHandler                        0x080001a3   Thumb Code     0  startup_stm32f103xb.o(.text)
    CAN1_RX1_IRQHandler                      0x080001a3   Thumb Code     0  startup_stm32f103xb.o(.text)
    CAN1_SCE_IRQHandler                      0x080001a3   Thumb Code     0  startup_stm32f103xb.o(.text)
    DMA1_Channel1_IRQHandler                 0x080001a3   Thumb Code     0  startup_stm32f103xb.o(.text)
    DMA1_Channel2_IRQHandler                 0x080001a3   Thumb Code     0  startup_stm32f103xb.o(.text)
    DMA1_Channel3_IRQHandler                 0x080001a3   Thumb Code     0  startup_stm32f103xb.o(.text)
    DMA1_Channel4_IRQHandler                 0x080001a3   Thumb Code     0  startup_stm32f103xb.o(.text)
    DMA1_Channel5_IRQHandler                 0x080001a3   Thumb Code     0  startup_stm32f103xb.o(.text)
    DMA1_Channel6_IRQHandler                 0x080001a3   Thumb Code     0  startup_stm32f103xb.o(.text)
    DMA1_Channel7_IRQHandler                 0x080001a3   Thumb Code     0  startup_stm32f103xb.o(.text)
    EXTI0_IRQHandler                         0x080001a3   Thumb Code     0  startup_stm32f103xb.o(.text)
    EXTI15_10_IRQHandler                     0x080001a3   Thumb Code     0  startup_stm32f103xb.o(.text)
    EXTI1_IRQHandler                         0x080001a3   Thumb Code     0  startup_stm32f103xb.o(.text)
    EXTI2_IRQHandler                         0x080001a3   Thumb Code     0  startup_stm32f103xb.o(.text)
    EXTI3_IRQHandler                         0x080001a3   Thumb Code     0  startup_stm32f103xb.o(.text)
    EXTI4_IRQHandler                         0x080001a3   Thumb Code     0  startup_stm32f103xb.o(.text)
    EXTI9_5_IRQHandler                       0x080001a3   Thumb Code     0  startup_stm32f103xb.o(.text)
    FLASH_IRQHandler                         0x080001a3   Thumb Code     0  startup_stm32f103xb.o(.text)
    I2C1_ER_IRQHandler                       0x080001a3   Thumb Code     0  startup_stm32f103xb.o(.text)
    I2C1_EV_IRQHandler                       0x080001a3   Thumb Code     0  startup_stm32f103xb.o(.text)
    I2C2_ER_IRQHandler                       0x080001a3   Thumb Code     0  startup_stm32f103xb.o(.text)
    I2C2_EV_IRQHandler                       0x080001a3   Thumb Code     0  startup_stm32f103xb.o(.text)
    PVD_IRQHandler                           0x080001a3   Thumb Code     0  startup_stm32f103xb.o(.text)
    RCC_IRQHandler                           0x080001a3   Thumb Code     0  startup_stm32f103xb.o(.text)
    RTC_Alarm_IRQHandler                     0x080001a3   Thumb Code     0  startup_stm32f103xb.o(.text)
    RTC_IRQHandler                           0x080001a3   Thumb Code     0  startup_stm32f103xb.o(.text)
    SPI1_IRQHandler                          0x080001a3   Thumb Code     0  startup_stm32f103xb.o(.text)
    SPI2_IRQHandler                          0x080001a3   Thumb Code     0  startup_stm32f103xb.o(.text)
    TAMPER_IRQHandler                        0x080001a3   Thumb Code     0  startup_stm32f103xb.o(.text)
    TIM1_BRK_IRQHandler                      0x080001a3   Thumb Code     0  startup_stm32f103xb.o(.text)
    TIM1_CC_IRQHandler                       0x080001a3   Thumb Code     0  startup_stm32f103xb.o(.text)
    TIM1_TRG_COM_IRQHandler                  0x080001a3   Thumb Code     0  startup_stm32f103xb.o(.text)
    TIM1_UP_IRQHandler                       0x080001a3   Thumb Code     0  startup_stm32f103xb.o(.text)
    TIM2_IRQHandler                          0x080001a3   Thumb Code     0  startup_stm32f103xb.o(.text)
    TIM3_IRQHandler                          0x080001a3   Thumb Code     0  startup_stm32f103xb.o(.text)
    TIM4_IRQHandler                          0x080001a3   Thumb Code     0  startup_stm32f103xb.o(.text)
    USART1_IRQHandler                        0x080001a3   Thumb Code     0  startup_stm32f103xb.o(.text)
    USART2_IRQHandler                        0x080001a3   Thumb Code     0  startup_stm32f103xb.o(.text)
    USART3_IRQHandler                        0x080001a3   Thumb Code     0  startup_stm32f103xb.o(.text)
    USBWakeUp_IRQHandler                     0x080001a3   Thumb Code     0  startup_stm32f103xb.o(.text)
    USB_HP_CAN1_TX_IRQHandler                0x080001a3   Thumb Code     0  startup_stm32f103xb.o(.text)
    USB_LP_CAN1_RX0_IRQHandler               0x080001a3   Thumb Code     0  startup_stm32f103xb.o(.text)
    WWDG_IRQHandler                          0x080001a3   Thumb Code     0  startup_stm32f103xb.o(.text)
    __user_initial_stackheap                 0x080001a5   Thumb Code     0  startup_stm32f103xb.o(.text)
    strlen                                   0x080001c9   Thumb Code    62  strlen.o(.text)
    __aeabi_memclr4                          0x08000207   Thumb Code     0  rt_memclr_w.o(.text)
    __aeabi_memclr8                          0x08000207   Thumb Code     0  rt_memclr_w.o(.text)
    __rt_memclr_w                            0x08000207   Thumb Code    78  rt_memclr_w.o(.text)
    _memset_w                                0x0800020b   Thumb Code     0  rt_memclr_w.o(.text)
    __use_two_region_memory                  0x08000255   Thumb Code     2  heapauxi.o(.text)
    __rt_heap_escrow$2region                 0x08000257   Thumb Code     2  heapauxi.o(.text)
    __rt_heap_expand$2region                 0x08000259   Thumb Code     2  heapauxi.o(.text)
    __user_libspace                          0x0800025d   Thumb Code     8  libspace.o(.text)
    __user_perproc_libspace                  0x0800025d   Thumb Code     0  libspace.o(.text)
    __user_perthread_libspace                0x0800025d   Thumb Code     0  libspace.o(.text)
    __user_setup_stackheap                   0x08000265   Thumb Code    74  sys_stackheap_outer.o(.text)
    exit                                     0x080002af   Thumb Code    18  exit.o(.text)
    _sys_exit                                0x080002c1   Thumb Code     8  sys_exit.o(.text)
    __I$use$semihosting                      0x080002cd   Thumb Code     0  use_no_semi.o(.text)
    __use_no_semihosting_swi                 0x080002cd   Thumb Code     2  use_no_semi.o(.text)
    BusFault_Handler                         0x080002cf   Thumb Code     2  stm32f1xx_it.o(i.BusFault_Handler)
    __semihosting_library_function           0x080002cf   Thumb Code     0  indicate_semi.o(.text)
    DebugMon_Handler                         0x080002d1   Thumb Code     2  stm32f1xx_it.o(i.DebugMon_Handler)
    HAL_Delay                                0x080002d5   Thumb Code    32  stm32f1xx_hal.o(i.HAL_Delay)
    HAL_GPIO_Init                            0x080002f9   Thumb Code   446  stm32f1xx_hal_gpio.o(i.HAL_GPIO_Init)
    HAL_GPIO_ReadPin                         0x080004d9   Thumb Code    10  stm32f1xx_hal_gpio.o(i.HAL_GPIO_ReadPin)
    HAL_GPIO_WritePin                        0x080004e3   Thumb Code    10  stm32f1xx_hal_gpio.o(i.HAL_GPIO_WritePin)
    HAL_GetTick                              0x080004ed   Thumb Code     6  stm32f1xx_hal.o(i.HAL_GetTick)
    HAL_IncTick                              0x080004f9   Thumb Code    12  stm32f1xx_hal.o(i.HAL_IncTick)
    HAL_Init                                 0x08000509   Thumb Code    32  stm32f1xx_hal.o(i.HAL_Init)
    HAL_InitTick                             0x0800052d   Thumb Code    54  stm32f1xx_hal.o(i.HAL_InitTick)
    HAL_MspInit                              0x0800056d   Thumb Code    52  stm32f1xx_hal_msp.o(i.HAL_MspInit)
    HAL_NVIC_SetPriority                     0x080005a9   Thumb Code    60  stm32f1xx_hal_cortex.o(i.HAL_NVIC_SetPriority)
    HAL_NVIC_SetPriorityGrouping             0x080005e9   Thumb Code    26  stm32f1xx_hal_cortex.o(i.HAL_NVIC_SetPriorityGrouping)
    HAL_RCC_ClockConfig                      0x0800060d   Thumb Code   280  stm32f1xx_hal_rcc.o(i.HAL_RCC_ClockConfig)
    HAL_RCC_GetSysClockFreq                  0x08000739   Thumb Code    58  stm32f1xx_hal_rcc.o(i.HAL_RCC_GetSysClockFreq)
    HAL_RCC_OscConfig                        0x08000785   Thumb Code   778  stm32f1xx_hal_rcc.o(i.HAL_RCC_OscConfig)
    HAL_SPI_Init                             0x08000aa5   Thumb Code   178  stm32f1xx_hal_spi.o(i.HAL_SPI_Init)
    HAL_SPI_MspInit                          0x08000b59   Thumb Code    98  stm32f1xx_hal_msp.o(i.HAL_SPI_MspInit)
    HAL_SPI_Transmit                         0x08000bc9   Thumb Code   358  stm32f1xx_hal_spi.o(i.HAL_SPI_Transmit)
    HAL_SYSTICK_Config                       0x08000d2f   Thumb Code    40  stm32f1xx_hal_cortex.o(i.HAL_SYSTICK_Config)
    HAL_TIMEx_MasterConfigSynchronization    0x08000d59   Thumb Code    92  stm32f1xx_hal_tim_ex.o(i.HAL_TIMEx_MasterConfigSynchronization)
    HAL_TIM_Base_Init                        0x08000dc1   Thumb Code    90  stm32f1xx_hal_tim.o(i.HAL_TIM_Base_Init)
    HAL_TIM_Base_MspInit                     0x08000e1d   Thumb Code    30  stm32f1xx_hal_msp.o(i.HAL_TIM_Base_MspInit)
    HAL_TIM_Base_Start                       0x08000e45   Thumb Code    66  stm32f1xx_hal_tim.o(i.HAL_TIM_Base_Start)
    HAL_TIM_ConfigClockSource                0x08000e95   Thumb Code   220  stm32f1xx_hal_tim.o(i.HAL_TIM_ConfigClockSource)
    HardFault_Handler                        0x08000f71   Thumb Code     2  stm32f1xx_it.o(i.HardFault_Handler)
    MemManage_Handler                        0x08000f73   Thumb Code     2  stm32f1xx_it.o(i.MemManage_Handler)
    NMI_Handler                              0x08000f75   Thumb Code     2  stm32f1xx_it.o(i.NMI_Handler)
    PendSV_Handler                           0x08000f77   Thumb Code     2  stm32f1xx_it.o(i.PendSV_Handler)
    SVC_Handler                              0x08001065   Thumb Code     2  stm32f1xx_it.o(i.SVC_Handler)
    SysTick_Handler                          0x08001067   Thumb Code     4  stm32f1xx_it.o(i.SysTick_Handler)
    SystemInit                               0x0800106b   Thumb Code     2  system_stm32f1xx.o(i.SystemInit)
    TIM_Base_SetConfig                       0x0800106d   Thumb Code   108  stm32f1xx_hal_tim.o(i.TIM_Base_SetConfig)
    TIM_ETR_SetConfig                        0x080010e5   Thumb Code    20  stm32f1xx_hal_tim.o(i.TIM_ETR_SetConfig)
    UsageFault_Handler                       0x0800114f   Thumb Code     2  stm32f1xx_it.o(i.UsageFault_Handler)
    app_processor_host                       0x08001171   Thumb Code   216  app_processor.o(i.app_processor_host)
    app_processor_init                       0x08001265   Thumb Code    32  app_processor.o(i.app_processor_init)
    app_processor_operates                   0x08001289   Thumb Code    36  app_processor.o(i.app_processor_operates)
    bsp_led_gpio_init                        0x080012b5   Thumb Code   104  bsp_led.o(i.bsp_led_gpio_init)
    bsp_led_init                             0x08001325   Thumb Code    44  bsp_led.o(i.bsp_led_init)
    bsp_led_off                              0x08001359   Thumb Code    28  bsp_led.o(i.bsp_led_off)
    bsp_led_on                               0x08001379   Thumb Code    28  bsp_led.o(i.bsp_led_on)
    bsp_srf05_get_distance_cm                0x08001399   Thumb Code    34  bsp_srf05.o(i.bsp_srf05_get_distance_cm)
    bsp_srf05_gpio_init                      0x080013c1   Thumb Code   120  bsp_srf05.o(i.bsp_srf05_gpio_init)
    bsp_srf05_init                           0x08001441   Thumb Code    62  bsp_srf05.o(i.bsp_srf05_init)
    bsp_srf05_tim_init                       0x0800148d   Thumb Code    86  bsp_srf05.o(i.bsp_srf05_tim_init)
    bsp_st7735_draw_pixel                    0x080014ed   Thumb Code    38  bsp_st7735.o(i.bsp_st7735_draw_pixel)
    bsp_st7735_draw_rectangle                0x08001519   Thumb Code    44  bsp_st7735.o(i.bsp_st7735_draw_rectangle)
    bsp_st7735_draw_string_center            0x08001549   Thumb Code    74  bsp_st7735.o(i.bsp_st7735_draw_string_center)
    bsp_st7735_fill_rectangle                0x08001599   Thumb Code    44  bsp_st7735.o(i.bsp_st7735_fill_rectangle)
    bsp_st7735_gpio_init                     0x080015c9   Thumb Code    90  bsp_st7735.o(i.bsp_st7735_gpio_init)
    bsp_st7735_init                          0x0800162d   Thumb Code    62  bsp_st7735.o(i.bsp_st7735_init)
    bsp_st7735_spi_init                      0x08001679   Thumb Code   130  bsp_st7735.o(i.bsp_st7735_spi_init)
    bsp_system_clock_init                    0x0800170d   Thumb Code    94  bsp_system_clock.o(i.bsp_system_clock_init)
    led_init                                 0x0800176b   Thumb Code    26  driver_led.o(i.led_init)
    led_off                                  0x08001785   Thumb Code    26  driver_led.o(i.led_off)
    led_on                                   0x0800179f   Thumb Code    26  driver_led.o(i.led_on)
    main                                     0x080017b9   Thumb Code    18  main.o(i.main)
    srf05_get_distance_cm                    0x080017cd   Thumb Code   108  driver_srf05.o(i.srf05_get_distance_cm)
    srf05_init                               0x08001841   Thumb Code    28  driver_srf05.o(i.srf05_init)
    srf05_trigger                            0x0800185d   Thumb Code    42  driver_srf05.o(i.srf05_trigger)
    srv_display                              0x08001887   Thumb Code    74  srv_display.o(i.srv_display)
    st7735_draw_char                         0x080018d1   Thumb Code   144  driver_st7735.o(i.st7735_draw_char)
    st7735_draw_pixel                        0x08001961   Thumb Code    68  driver_st7735.o(i.st7735_draw_pixel)
    st7735_draw_rectangle                    0x080019a5   Thumb Code   170  driver_st7735.o(i.st7735_draw_rectangle)
    st7735_draw_string                       0x08001a4f   Thumb Code   108  driver_st7735.o(i.st7735_draw_string)
    st7735_draw_string_center                0x08001abb   Thumb Code    90  driver_st7735.o(i.st7735_draw_string_center)
    st7735_fill_rectangle                    0x08001b15   Thumb Code   138  driver_st7735.o(i.st7735_fill_rectangle)
    st7735_init                              0x08001ba1   Thumb Code   202  driver_st7735.o(i.st7735_init)
    st7735_send_cmd_list                     0x08001c71   Thumb Code    82  driver_st7735.o(i.st7735_send_cmd_list)
    st7735_set_pos                           0x08001cc3   Thumb Code   166  driver_st7735.o(i.st7735_set_pos)
    st7735_write_cmd                         0x08001d69   Thumb Code    74  driver_st7735.o(i.st7735_write_cmd)
    st7735_write_data                        0x08001db3   Thumb Code    74  driver_st7735.o(i.st7735_write_data)
    __fpl_fcheck_NaN1                        0x08001dfd   Thumb Code     6  fcheck1.o(x$fpl$fcheck1)
    __aeabi_f2uiz                            0x08001e09   Thumb Code     0  ffixu.o(x$fpl$ffixu)
    _ffixu                                   0x08001e09   Thumb Code    62  ffixu.o(x$fpl$ffixu)
    __aeabi_ui2f                             0x08001e49   Thumb Code     0  fflt_clz.o(x$fpl$ffltu)
    _ffltu                                   0x08001e49   Thumb Code    38  fflt_clz.o(x$fpl$ffltu)
    __aeabi_fmul                             0x08001e71   Thumb Code     0  fmul.o(x$fpl$fmul)
    _fmul                                    0x08001e71   Thumb Code   258  fmul.o(x$fpl$fmul)
    __fpl_fnaninf                            0x08001f73   Thumb Code   140  fnaninf.o(x$fpl$fnaninf)
    __fpl_fretinf                            0x08001fff   Thumb Code    10  fretinf.o(x$fpl$fretinf)
    __fpl_return_NaN                         0x08002009   Thumb Code   100  retnan.o(x$fpl$retnan)
    __ARM_scalbnf                            0x0800206d   Thumb Code    76  scalbnf.o(x$fpl$scalbnf)
    __fpl_cmpreturn                          0x080020b9   Thumb Code    48  trapv.o(x$fpl$trapveneer)
    __I$use$fp                               0x080020e8   Number         0  usenofp.o(x$fpl$usenofp)
    AHBPrescTable                            0x080020fa   Data          16  system_stm32f1xx.o(.constdata)
    ST7735_FRAME_RATE_CONTROL_NORMAL_VAL     0x08002876   Data           3  driver_st7735.o(.constdata)
    ST7735_FRAME_RATE_CONTROL_IDLE_VAL       0x08002879   Data           3  driver_st7735.o(.constdata)
    ST7735_FRAME_RATE_CONTROL_PARTIAL_VAL    0x0800287c   Data           6  driver_st7735.o(.constdata)
    ST7735_DISPLAY_INVERSION_CONTROL_VAL     0x08002882   Data           1  driver_st7735.o(.constdata)
    ST7735_POWER_CONTROL_1_VAL               0x08002883   Data           3  driver_st7735.o(.constdata)
    ST7735_POWER_CONTROL_2_VAL               0x08002886   Data           1  driver_st7735.o(.constdata)
    ST7735_POWER_CONTROL_3_VAL               0x08002887   Data           2  driver_st7735.o(.constdata)
    ST7735_POWER_CONTROL_4_VAL               0x08002889   Data           2  driver_st7735.o(.constdata)
    ST7735_POWER_CONTROL_5_VAL               0x0800288b   Data           2  driver_st7735.o(.constdata)
    ST7735_VCOM_CONTROL_1_VAL                0x0800288d   Data           1  driver_st7735.o(.constdata)
    ST7735_POSITIVE_GAMMA_CORRECTION_VAL     0x0800288e   Data          16  driver_st7735.o(.constdata)
    ST7735_NEGATIVE_GAMMA_CORRECTION_VAL     0x0800289e   Data          16  driver_st7735.o(.constdata)
    Region$$Table$$Base                      0x08002918   Number         0  anon$$obj.o(Region$$Table)
    Region$$Table$$Limit                     0x08002938   Number         0  anon$$obj.o(Region$$Table)
    uwTickFreq                               0x20000000   Data           1  stm32f1xx_hal.o(.data)
    uwTickPrio                               0x20000004   Data           4  stm32f1xx_hal.o(.data)
    uwTick                                   0x20000008   Data           4  stm32f1xx_hal.o(.data)
    SystemCoreClock                          0x2000000c   Data           4  system_stm32f1xx.o(.data)
    font_7x10                                0x2000001c   Data          12  asset_st7735_font.o(.data)
    htim1                                    0x20000050   Data          72  bsp_srf05.o(.bss)
    hspi1                                    0x200000a8   Data          88  bsp_st7735.o(.bss)
    __libspace_start                         0x20000100   Data          96  libspace.o(.bss)
    __temporary_stack_top$libspace           0x20000160   Data           0  libspace.o(.bss)



==============================================================================

Memory Map of the image

  Image Entry point : 0x080000ed

  Load Region LR_IROM1 (Base: 0x08000000, Size: 0x0000297c, Max: 0x00010000, ABSOLUTE)

    Execution Region ER_IROM1 (Exec base: 0x08000000, Load base: 0x08000000, Size: 0x00002938, Max: 0x00010000, ABSOLUTE)

    Exec Addr    Load Addr    Size         Type   Attr      Idx    E Section Name        Object

    0x08000000   0x08000000   0x000000ec   Data   RO            3    RESET               startup_stm32f103xb.o
    0x080000ec   0x080000ec   0x00000008   Code   RO         3325  * !!!main             c_w.l(__main.o)
    0x080000f4   0x080000f4   0x00000034   Code   RO         3596    !!!scatter          c_w.l(__scatter.o)
    0x08000128   0x08000128   0x0000001a   Code   RO         3598    !!handler_copy      c_w.l(__scatter_copy.o)
    0x08000142   0x08000142   0x00000002   PAD
    0x08000144   0x08000144   0x0000001c   Code   RO         3600    !!handler_zi        c_w.l(__scatter_zi.o)
    0x08000160   0x08000160   0x00000002   Code   RO         3465    .ARM.Collect$$libinit$$00000000  c_w.l(libinit.o)
    0x08000162   0x08000162   0x00000000   Code   RO         3473    .ARM.Collect$$libinit$$00000002  c_w.l(libinit2.o)
    0x08000162   0x08000162   0x00000000   Code   RO         3475    .ARM.Collect$$libinit$$00000004  c_w.l(libinit2.o)
    0x08000162   0x08000162   0x00000000   Code   RO         3478    .ARM.Collect$$libinit$$0000000A  c_w.l(libinit2.o)
    0x08000162   0x08000162   0x00000000   Code   RO         3480    .ARM.Collect$$libinit$$0000000C  c_w.l(libinit2.o)
    0x08000162   0x08000162   0x00000000   Code   RO         3482    .ARM.Collect$$libinit$$0000000E  c_w.l(libinit2.o)
    0x08000162   0x08000162   0x00000000   Code   RO         3485    .ARM.Collect$$libinit$$00000011  c_w.l(libinit2.o)
    0x08000162   0x08000162   0x00000000   Code   RO         3487    .ARM.Collect$$libinit$$00000013  c_w.l(libinit2.o)
    0x08000162   0x08000162   0x00000000   Code   RO         3489    .ARM.Collect$$libinit$$00000015  c_w.l(libinit2.o)
    0x08000162   0x08000162   0x00000000   Code   RO         3491    .ARM.Collect$$libinit$$00000017  c_w.l(libinit2.o)
    0x08000162   0x08000162   0x00000000   Code   RO         3493    .ARM.Collect$$libinit$$00000019  c_w.l(libinit2.o)
    0x08000162   0x08000162   0x00000000   Code   RO         3495    .ARM.Collect$$libinit$$0000001B  c_w.l(libinit2.o)
    0x08000162   0x08000162   0x00000000   Code   RO         3497    .ARM.Collect$$libinit$$0000001D  c_w.l(libinit2.o)
    0x08000162   0x08000162   0x00000000   Code   RO         3499    .ARM.Collect$$libinit$$0000001F  c_w.l(libinit2.o)
    0x08000162   0x08000162   0x00000000   Code   RO         3501    .ARM.Collect$$libinit$$00000021  c_w.l(libinit2.o)
    0x08000162   0x08000162   0x00000000   Code   RO         3503    .ARM.Collect$$libinit$$00000023  c_w.l(libinit2.o)
    0x08000162   0x08000162   0x00000000   Code   RO         3505    .ARM.Collect$$libinit$$00000025  c_w.l(libinit2.o)
    0x08000162   0x08000162   0x00000000   Code   RO         3509    .ARM.Collect$$libinit$$0000002C  c_w.l(libinit2.o)
    0x08000162   0x08000162   0x00000000   Code   RO         3511    .ARM.Collect$$libinit$$0000002E  c_w.l(libinit2.o)
    0x08000162   0x08000162   0x00000000   Code   RO         3513    .ARM.Collect$$libinit$$00000030  c_w.l(libinit2.o)
    0x08000162   0x08000162   0x00000000   Code   RO         3515    .ARM.Collect$$libinit$$00000032  c_w.l(libinit2.o)
    0x08000162   0x08000162   0x00000002   Code   RO         3516    .ARM.Collect$$libinit$$00000033  c_w.l(libinit2.o)
    0x08000164   0x08000164   0x00000002   Code   RO         3536    .ARM.Collect$$libshutdown$$00000000  c_w.l(libshutdown.o)
    0x08000166   0x08000166   0x00000000   Code   RO         3549    .ARM.Collect$$libshutdown$$00000002  c_w.l(libshutdown2.o)
    0x08000166   0x08000166   0x00000000   Code   RO         3551    .ARM.Collect$$libshutdown$$00000004  c_w.l(libshutdown2.o)
    0x08000166   0x08000166   0x00000000   Code   RO         3554    .ARM.Collect$$libshutdown$$00000007  c_w.l(libshutdown2.o)
    0x08000166   0x08000166   0x00000000   Code   RO         3557    .ARM.Collect$$libshutdown$$0000000A  c_w.l(libshutdown2.o)
    0x08000166   0x08000166   0x00000000   Code   RO         3559    .ARM.Collect$$libshutdown$$0000000C  c_w.l(libshutdown2.o)
    0x08000166   0x08000166   0x00000000   Code   RO         3562    .ARM.Collect$$libshutdown$$0000000F  c_w.l(libshutdown2.o)
    0x08000166   0x08000166   0x00000002   Code   RO         3563    .ARM.Collect$$libshutdown$$00000010  c_w.l(libshutdown2.o)
    0x08000168   0x08000168   0x00000000   Code   RO         3373    .ARM.Collect$$rtentry$$00000000  c_w.l(__rtentry.o)
    0x08000168   0x08000168   0x00000000   Code   RO         3416    .ARM.Collect$$rtentry$$00000002  c_w.l(__rtentry2.o)
    0x08000168   0x08000168   0x00000006   Code   RO         3428    .ARM.Collect$$rtentry$$00000004  c_w.l(__rtentry4.o)
    0x0800016e   0x0800016e   0x00000000   Code   RO         3418    .ARM.Collect$$rtentry$$00000009  c_w.l(__rtentry2.o)
    0x0800016e   0x0800016e   0x00000004   Code   RO         3419    .ARM.Collect$$rtentry$$0000000A  c_w.l(__rtentry2.o)
    0x08000172   0x08000172   0x00000000   Code   RO         3421    .ARM.Collect$$rtentry$$0000000C  c_w.l(__rtentry2.o)
    0x08000172   0x08000172   0x00000008   Code   RO         3422    .ARM.Collect$$rtentry$$0000000D  c_w.l(__rtentry2.o)
    0x0800017a   0x0800017a   0x00000002   Code   RO         3470    .ARM.Collect$$rtexit$$00000000  c_w.l(rtexit.o)
    0x0800017c   0x0800017c   0x00000000   Code   RO         3518    .ARM.Collect$$rtexit$$00000002  c_w.l(rtexit2.o)
    0x0800017c   0x0800017c   0x00000004   Code   RO         3519    .ARM.Collect$$rtexit$$00000003  c_w.l(rtexit2.o)
    0x08000180   0x08000180   0x00000006   Code   RO         3520    .ARM.Collect$$rtexit$$00000004  c_w.l(rtexit2.o)
    0x08000186   0x08000186   0x00000002   PAD
    0x08000188   0x08000188   0x00000040   Code   RO            4    .text               startup_stm32f103xb.o
    0x080001c8   0x080001c8   0x0000003e   Code   RO         3319    .text               c_w.l(strlen.o)
    0x08000206   0x08000206   0x0000004e   Code   RO         3321    .text               c_w.l(rt_memclr_w.o)
    0x08000254   0x08000254   0x00000006   Code   RO         3323    .text               c_w.l(heapauxi.o)
    0x0800025a   0x0800025a   0x00000002   PAD
    0x0800025c   0x0800025c   0x00000008   Code   RO         3453    .text               c_w.l(libspace.o)
    0x08000264   0x08000264   0x0000004a   Code   RO         3456    .text               c_w.l(sys_stackheap_outer.o)
    0x080002ae   0x080002ae   0x00000012   Code   RO         3458    .text               c_w.l(exit.o)
    0x080002c0   0x080002c0   0x0000000c   Code   RO         3528    .text               c_w.l(sys_exit.o)
    0x080002cc   0x080002cc   0x00000002   Code   RO         3539    .text               c_w.l(use_no_semi.o)
    0x080002ce   0x080002ce   0x00000000   Code   RO         3541    .text               c_w.l(indicate_semi.o)
    0x080002ce   0x080002ce   0x00000002   Code   RO          170    i.BusFault_Handler  stm32f1xx_it.o
    0x080002d0   0x080002d0   0x00000002   Code   RO          171    i.DebugMon_Handler  stm32f1xx_it.o
    0x080002d2   0x080002d2   0x00000002   PAD
    0x080002d4   0x080002d4   0x00000024   Code   RO          739    i.HAL_Delay         stm32f1xx_hal.o
    0x080002f8   0x080002f8   0x000001e0   Code   RO         1049    i.HAL_GPIO_Init     stm32f1xx_hal_gpio.o
    0x080004d8   0x080004d8   0x0000000a   Code   RO         1051    i.HAL_GPIO_ReadPin  stm32f1xx_hal_gpio.o
    0x080004e2   0x080004e2   0x0000000a   Code   RO         1053    i.HAL_GPIO_WritePin  stm32f1xx_hal_gpio.o
    0x080004ec   0x080004ec   0x0000000c   Code   RO          743    i.HAL_GetTick       stm32f1xx_hal.o
    0x080004f8   0x080004f8   0x00000010   Code   RO          749    i.HAL_IncTick       stm32f1xx_hal.o
    0x08000508   0x08000508   0x00000024   Code   RO          750    i.HAL_Init          stm32f1xx_hal.o
    0x0800052c   0x0800052c   0x00000040   Code   RO          751    i.HAL_InitTick      stm32f1xx_hal.o
    0x0800056c   0x0800056c   0x0000003c   Code   RO          326    i.HAL_MspInit       stm32f1xx_hal_msp.o
    0x080005a8   0x080005a8   0x00000040   Code   RO         1215    i.HAL_NVIC_SetPriority  stm32f1xx_hal_cortex.o
    0x080005e8   0x080005e8   0x00000024   Code   RO         1216    i.HAL_NVIC_SetPriorityGrouping  stm32f1xx_hal_cortex.o
    0x0800060c   0x0800060c   0x0000012c   Code   RO          907    i.HAL_RCC_ClockConfig  stm32f1xx_hal_rcc.o
    0x08000738   0x08000738   0x0000004c   Code   RO          916    i.HAL_RCC_GetSysClockFreq  stm32f1xx_hal_rcc.o
    0x08000784   0x08000784   0x00000320   Code   RO          919    i.HAL_RCC_OscConfig  stm32f1xx_hal_rcc.o
    0x08000aa4   0x08000aa4   0x000000b2   Code   RO          421    i.HAL_SPI_Init      stm32f1xx_hal_spi.o
    0x08000b56   0x08000b56   0x00000002   PAD
    0x08000b58   0x08000b58   0x00000070   Code   RO          328    i.HAL_SPI_MspInit   stm32f1xx_hal_msp.o
    0x08000bc8   0x08000bc8   0x00000166   Code   RO          429    i.HAL_SPI_Transmit  stm32f1xx_hal_spi.o
    0x08000d2e   0x08000d2e   0x00000028   Code   RO         1220    i.HAL_SYSTICK_Config  stm32f1xx_hal_cortex.o
    0x08000d56   0x08000d56   0x00000002   PAD
    0x08000d58   0x08000d58   0x00000068   Code   RO         2434    i.HAL_TIMEx_MasterConfigSynchronization  stm32f1xx_hal_tim_ex.o
    0x08000dc0   0x08000dc0   0x0000005a   Code   RO         1711    i.HAL_TIM_Base_Init  stm32f1xx_hal_tim.o
    0x08000e1a   0x08000e1a   0x00000002   PAD
    0x08000e1c   0x08000e1c   0x00000028   Code   RO          330    i.HAL_TIM_Base_MspInit  stm32f1xx_hal_msp.o
    0x08000e44   0x08000e44   0x00000050   Code   RO         1714    i.HAL_TIM_Base_Start  stm32f1xx_hal_tim.o
    0x08000e94   0x08000e94   0x000000dc   Code   RO         1720    i.HAL_TIM_ConfigClockSource  stm32f1xx_hal_tim.o
    0x08000f70   0x08000f70   0x00000002   Code   RO          172    i.HardFault_Handler  stm32f1xx_it.o
    0x08000f72   0x08000f72   0x00000002   Code   RO          173    i.MemManage_Handler  stm32f1xx_it.o
    0x08000f74   0x08000f74   0x00000002   Code   RO          174    i.NMI_Handler       stm32f1xx_it.o
    0x08000f76   0x08000f76   0x00000002   Code   RO          175    i.PendSV_Handler    stm32f1xx_it.o
    0x08000f78   0x08000f78   0x00000034   Code   RO          459    i.SPI_EndRxTxTransaction  stm32f1xx_hal_spi.o
    0x08000fac   0x08000fac   0x000000b8   Code   RO          464    i.SPI_WaitFlagStateUntilTimeout  stm32f1xx_hal_spi.o
    0x08001064   0x08001064   0x00000002   Code   RO          176    i.SVC_Handler       stm32f1xx_it.o
    0x08001066   0x08001066   0x00000004   Code   RO          177    i.SysTick_Handler   stm32f1xx_it.o
    0x0800106a   0x0800106a   0x00000002   Code   RO         2683    i.SystemInit        system_stm32f1xx.o
    0x0800106c   0x0800106c   0x00000078   Code   RO         1804    i.TIM_Base_SetConfig  stm32f1xx_hal_tim.o
    0x080010e4   0x080010e4   0x00000014   Code   RO         1815    i.TIM_ETR_SetConfig  stm32f1xx_hal_tim.o
    0x080010f8   0x080010f8   0x00000010   Code   RO         1816    i.TIM_ITRx_SetConfig  stm32f1xx_hal_tim.o
    0x08001108   0x08001108   0x00000022   Code   RO         1822    i.TIM_TI1_ConfigInputStage  stm32f1xx_hal_tim.o
    0x0800112a   0x0800112a   0x00000024   Code   RO         1824    i.TIM_TI2_ConfigInputStage  stm32f1xx_hal_tim.o
    0x0800114e   0x0800114e   0x00000002   Code   RO          178    i.UsageFault_Handler  stm32f1xx_it.o
    0x08001150   0x08001150   0x00000020   Code   RO         1222    i.__NVIC_SetPriority  stm32f1xx_hal_cortex.o
    0x08001170   0x08001170   0x000000f4   Code   RO         2720    i.app_processor_host  app_processor.o
    0x08001264   0x08001264   0x00000024   Code   RO         2721    i.app_processor_init  app_processor.o
    0x08001288   0x08001288   0x0000002c   Code   RO         2722    i.app_processor_operates  app_processor.o
    0x080012b4   0x080012b4   0x00000070   Code   RO         2799    i.bsp_led_gpio_init  bsp_led.o
    0x08001324   0x08001324   0x00000034   Code   RO         2800    i.bsp_led_init      bsp_led.o
    0x08001358   0x08001358   0x00000020   Code   RO         2801    i.bsp_led_off       bsp_led.o
    0x08001378   0x08001378   0x00000020   Code   RO         2802    i.bsp_led_on        bsp_led.o
    0x08001398   0x08001398   0x00000028   Code   RO         2855    i.bsp_srf05_get_distance_cm  bsp_srf05.o
    0x080013c0   0x080013c0   0x00000080   Code   RO         2856    i.bsp_srf05_gpio_init  bsp_srf05.o
    0x08001440   0x08001440   0x0000004c   Code   RO         2857    i.bsp_srf05_init    bsp_srf05.o
    0x0800148c   0x0800148c   0x00000060   Code   RO         2858    i.bsp_srf05_tim_init  bsp_srf05.o
    0x080014ec   0x080014ec   0x0000002c   Code   RO         2917    i.bsp_st7735_draw_pixel  bsp_st7735.o
    0x08001518   0x08001518   0x00000030   Code   RO         2918    i.bsp_st7735_draw_rectangle  bsp_st7735.o
    0x08001548   0x08001548   0x00000050   Code   RO         2921    i.bsp_st7735_draw_string_center  bsp_st7735.o
    0x08001598   0x08001598   0x00000030   Code   RO         2922    i.bsp_st7735_fill_rectangle  bsp_st7735.o
    0x080015c8   0x080015c8   0x00000064   Code   RO         2925    i.bsp_st7735_gpio_init  bsp_st7735.o
    0x0800162c   0x0800162c   0x0000004c   Code   RO         2926    i.bsp_st7735_init   bsp_st7735.o
    0x08001678   0x08001678   0x00000094   Code   RO         2928    i.bsp_st7735_spi_init  bsp_st7735.o
    0x0800170c   0x0800170c   0x0000005e   Code   RO         3050    i.bsp_system_clock_init  bsp_system_clock.o
    0x0800176a   0x0800176a   0x0000001a   Code   RO         3082    i.led_init          driver_led.o
    0x08001784   0x08001784   0x0000001a   Code   RO         3083    i.led_off           driver_led.o
    0x0800179e   0x0800179e   0x0000001a   Code   RO         3084    i.led_on            driver_led.o
    0x080017b8   0x080017b8   0x00000012   Code   RO           13    i.main              main.o
    0x080017ca   0x080017ca   0x00000002   PAD
    0x080017cc   0x080017cc   0x00000074   Code   RO         3124    i.srf05_get_distance_cm  driver_srf05.o
    0x08001840   0x08001840   0x0000001c   Code   RO         3125    i.srf05_init        driver_srf05.o
    0x0800185c   0x0800185c   0x0000002a   Code   RO         3126    i.srf05_trigger     driver_srf05.o
    0x08001886   0x08001886   0x0000004a   Code   RO         3291    i.srv_display       srv_display.o
    0x080018d0   0x080018d0   0x00000090   Code   RO         3160    i.st7735_draw_char  driver_st7735.o
    0x08001960   0x08001960   0x00000044   Code   RO         3163    i.st7735_draw_pixel  driver_st7735.o
    0x080019a4   0x080019a4   0x000000aa   Code   RO         3164    i.st7735_draw_rectangle  driver_st7735.o
    0x08001a4e   0x08001a4e   0x0000006c   Code   RO         3166    i.st7735_draw_string  driver_st7735.o
    0x08001aba   0x08001aba   0x0000005a   Code   RO         3167    i.st7735_draw_string_center  driver_st7735.o
    0x08001b14   0x08001b14   0x0000008a   Code   RO         3168    i.st7735_fill_rectangle  driver_st7735.o
    0x08001b9e   0x08001b9e   0x00000002   PAD
    0x08001ba0   0x08001ba0   0x000000d0   Code   RO         3171    i.st7735_init       driver_st7735.o
    0x08001c70   0x08001c70   0x00000052   Code   RO         3172    i.st7735_send_cmd_list  driver_st7735.o
    0x08001cc2   0x08001cc2   0x000000a6   Code   RO         3173    i.st7735_set_pos    driver_st7735.o
    0x08001d68   0x08001d68   0x0000004a   Code   RO         3174    i.st7735_write_cmd  driver_st7735.o
    0x08001db2   0x08001db2   0x0000004a   Code   RO         3175    i.st7735_write_data  driver_st7735.o
    0x08001dfc   0x08001dfc   0x0000000c   Code   RO         3380    x$fpl$fcheck1       fz_ws.l(fcheck1.o)
    0x08001e08   0x08001e08   0x0000003e   Code   RO         3343    x$fpl$ffixu         fz_ws.l(ffixu.o)
    0x08001e46   0x08001e46   0x00000002   PAD
    0x08001e48   0x08001e48   0x00000026   Code   RO         3347    x$fpl$ffltu         fz_ws.l(fflt_clz.o)
    0x08001e6e   0x08001e6e   0x00000002   PAD
    0x08001e70   0x08001e70   0x00000102   Code   RO         3353    x$fpl$fmul          fz_ws.l(fmul.o)
    0x08001f72   0x08001f72   0x0000008c   Code   RO         3382    x$fpl$fnaninf       fz_ws.l(fnaninf.o)
    0x08001ffe   0x08001ffe   0x0000000a   Code   RO         3384    x$fpl$fretinf       fz_ws.l(fretinf.o)
    0x08002008   0x08002008   0x00000064   Code   RO         3445    x$fpl$retnan        fz_ws.l(retnan.o)
    0x0800206c   0x0800206c   0x0000004c   Code   RO         3355    x$fpl$scalbnf       fz_ws.l(scalbnf.o)
    0x080020b8   0x080020b8   0x00000030   Code   RO         3468    x$fpl$trapveneer    fz_ws.l(trapv.o)
    0x080020e8   0x080020e8   0x00000000   Code   RO         3386    x$fpl$usenofp       fz_ws.l(usenofp.o)
    0x080020e8   0x080020e8   0x00000012   Data   RO          920    .constdata          stm32f1xx_hal_rcc.o
    0x080020fa   0x080020fa   0x00000010   Data   RO         2684    .constdata          system_stm32f1xx.o
    0x0800210a   0x0800210a   0x0000076c   Data   RO         2783    .constdata          asset_st7735_font.o
    0x08002876   0x08002876   0x00000003   Data   RO         3176    .constdata          driver_st7735.o
    0x08002879   0x08002879   0x00000003   Data   RO         3177    .constdata          driver_st7735.o
    0x0800287c   0x0800287c   0x00000006   Data   RO         3178    .constdata          driver_st7735.o
    0x08002882   0x08002882   0x00000001   Data   RO         3179    .constdata          driver_st7735.o
    0x08002883   0x08002883   0x00000003   Data   RO         3180    .constdata          driver_st7735.o
    0x08002886   0x08002886   0x00000001   Data   RO         3181    .constdata          driver_st7735.o
    0x08002887   0x08002887   0x00000002   Data   RO         3182    .constdata          driver_st7735.o
    0x08002889   0x08002889   0x00000002   Data   RO         3183    .constdata          driver_st7735.o
    0x0800288b   0x0800288b   0x00000002   Data   RO         3184    .constdata          driver_st7735.o
    0x0800288d   0x0800288d   0x00000001   Data   RO         3185    .constdata          driver_st7735.o
    0x0800288e   0x0800288e   0x00000010   Data   RO         3186    .constdata          driver_st7735.o
    0x0800289e   0x0800289e   0x00000010   Data   RO         3187    .constdata          driver_st7735.o
    0x080028ae   0x080028ae   0x00000002   PAD
    0x080028b0   0x080028b0   0x00000068   Data   RO         3190    .constdata          driver_st7735.o
    0x08002918   0x08002918   0x00000020   Data   RO         3594    Region$$Table       anon$$obj.o


    Execution Region RW_IRAM1 (Exec base: 0x20000000, Load base: 0x08002938, Size: 0x00000760, Max: 0x00005000, ABSOLUTE)

    Exec Addr    Load Addr    Size         Type   Attr      Idx    E Section Name        Object

    0x20000000   0x08002938   0x0000000c   Data   RW          757    .data               stm32f1xx_hal.o
    0x2000000c   0x08002944   0x00000004   Data   RW         2686    .data               system_stm32f1xx.o
    0x20000010   0x08002948   0x0000000c   Data   RW         2723    .data               app_processor.o
    0x2000001c   0x08002954   0x0000000c   Data   RW         2784    .data               asset_st7735_font.o
    0x20000028   0x08002960   0x0000000c   Data   RW         2804    .data               bsp_led.o
    0x20000034   0x0800296c   0x00000008   Data   RW         2862    .data               bsp_srf05.o
    0x2000003c   0x08002974   0x00000008   Data   RW         2933    .data               bsp_st7735.o
    0x20000044        -       0x0000000c   Zero   RW         2860    .bss                bsp_srf05.o
    0x20000050        -       0x00000048   Zero   RW         2861    .bss                bsp_srf05.o
    0x20000098        -       0x00000010   Zero   RW         2931    .bss                bsp_st7735.o
    0x200000a8        -       0x00000058   Zero   RW         2932    .bss                bsp_st7735.o
    0x20000100        -       0x00000060   Zero   RW         3454    .bss                c_w.l(libspace.o)
    0x20000160        -       0x00000200   Zero   RW            2    HEAP                startup_stm32f103xb.o
    0x20000360        -       0x00000400   Zero   RW            1    STACK               startup_stm32f103xb.o


==============================================================================

Image component sizes


      Code (inc. data)   RO Data    RW Data    ZI Data      Debug   Object Name

       324         40          0         12          0       2899   app_processor.o
         0          0       1900         12          0       1100   asset_st7735_font.o
       228         24          0         12          0       3506   bsp_led.o
       340         38          0          8         84       3964   bsp_srf05.o
       544         62          0          8        104       7427   bsp_st7735.o
        94          0          0          0          0       1072   bsp_system_clock.o
        78          0          0          0          0       1950   driver_led.o
       186          8          0          0          0       1925   driver_srf05.o
      1322          6        160          0          0      13889   driver_st7735.o
        18          0          0          0          0       4947   main.o
        74          0          0          0          0        666   srv_display.o
        64         26        236          0       1536        808   startup_stm32f103xb.o
       164         28          0         12          0       5869   stm32f1xx_hal.o
       172         14          0          0          0      28258   stm32f1xx_hal_cortex.o
       500         34          0          0          0       3503   stm32f1xx_hal_gpio.o
       212         32          0          0          0       2123   stm32f1xx_hal_msp.o
      1176         60         18          0          0       3970   stm32f1xx_hal_rcc.o
       772          4          0          0          0       4322   stm32f1xx_hal_spi.o
       616         26          0          0          0       6700   stm32f1xx_hal_tim.o
       104         12          0          0          0       1348   stm32f1xx_hal_tim_ex.o
        20          0          0          0          0     422782   stm32f1xx_it.o
         2          0         16          4          0       1107   system_stm32f1xx.o

    ----------------------------------------------------------------------
      7022        414       2364         68       1724     524135   Object Totals
         0          0         32          0          0          0   (incl. Generated)
        12          0          2          0          0          0   (incl. Padding)

    ----------------------------------------------------------------------

      Code (inc. data)   RO Data    RW Data    ZI Data      Debug   Library Member Name

         8          0          0          0          0         68   __main.o
         0          0          0          0          0          0   __rtentry.o
        12          0          0          0          0          0   __rtentry2.o
         6          0          0          0          0          0   __rtentry4.o
        52          8          0          0          0          0   __scatter.o
        26          0          0          0          0          0   __scatter_copy.o
        28          0          0          0          0          0   __scatter_zi.o
        18          0          0          0          0         80   exit.o
         6          0          0          0          0        152   heapauxi.o
         0          0          0          0          0          0   indicate_semi.o
         2          0          0          0          0          0   libinit.o
         2          0          0          0          0          0   libinit2.o
         2          0          0          0          0          0   libshutdown.o
         2          0          0          0          0          0   libshutdown2.o
         8          4          0          0         96         68   libspace.o
        78          0          0          0          0         80   rt_memclr_w.o
         2          0          0          0          0          0   rtexit.o
        10          0          0          0          0          0   rtexit2.o
        62          0          0          0          0         76   strlen.o
        12          4          0          0          0         68   sys_exit.o
        74          0          0          0          0         80   sys_stackheap_outer.o
         2          0          0          0          0         68   use_no_semi.o
        12          4          0          0          0         68   fcheck1.o
        62          4          0          0          0         84   ffixu.o
        38          0          0          0          0         68   fflt_clz.o
       258          4          0          0          0         84   fmul.o
       140          4          0          0          0         84   fnaninf.o
        10          0          0          0          0         68   fretinf.o
       100          0          0          0          0         68   retnan.o
        76          0          0          0          0         68   scalbnf.o
        48          0          0          0          0         68   trapv.o
         0          0          0          0          0          0   usenofp.o

    ----------------------------------------------------------------------
      1166         32          0          0         96       1400   Library Totals
        10          0          0          0          0          0   (incl. Padding)

    ----------------------------------------------------------------------

      Code (inc. data)   RO Data    RW Data    ZI Data      Debug   Library Name

       412         16          0          0         96        740   c_w.l
       744         16          0          0          0        660   fz_ws.l

    ----------------------------------------------------------------------
      1166         32          0          0         96       1400   Library Totals

    ----------------------------------------------------------------------

==============================================================================


      Code (inc. data)   RO Data    RW Data    ZI Data      Debug   

      8188        446       2364         68       1820     520955   Grand Totals
      8188        446       2364         68       1820     520955   ELF Image Totals
      8188        446       2364         68          0          0   ROM Totals

==============================================================================

    Total RO  Size (Code + RO Data)                10552 (  10.30kB)
    Total RW  Size (RW Data + ZI Data)              1888 (   1.84kB)
    Total ROM Size (Code + RO Data + RW Data)      10620 (  10.37kB)

==============================================================================

